Component: ARM Compiler 5.06 update 7 (build 960) Tool: armlink [4d3601]

==============================================================================

Section Cross References

    startup_stm32f10x_hd.o(RESET) refers to startup_stm32f10x_hd.o(.text) for Reset_Handler
    startup_stm32f10x_hd.o(RESET) refers to stm32f10x_it.o(.text) for NMI_Handler
    startup_stm32f10x_hd.o(RESET) refers to timer.o(.text) for TIM2_IRQHandler
    startup_stm32f10x_hd.o(RESET) refers to usart1.o(.text) for USART1_IRQHandler
    startup_stm32f10x_hd.o(RESET) refers to usart2.o(.text) for USART2_IRQHandler
    startup_stm32f10x_hd.o(RESET) refers to usart3.o(.text) for USART3_IRQHandler
    startup_stm32f10x_hd.o(.text) refers to startup_stm32f10x_hd.o(STACK) for __initial_sp
    startup_stm32f10x_hd.o(.text) refers to entry.o(.ARM.Collect$$$$00000000) for __main
    main.o(.text) refers to system_stm32f10x.o(.text) for SystemInit
    main.o(.text) refers to delay.o(.text) for delay_init
    main.o(.text) refers to misc.o(.text) for NVIC_PriorityGroupConfig
    main.o(.text) refers to stm32f10x_rcc.o(.text) for RCC_APB1PeriphClockCmd
    main.o(.text) refers to usart1.o(.text) for uart1_init
    main.o(.text) refers to usart2.o(.text) for usart2_init
    main.o(.text) refers to gpio.o(.text) for GPIO_Config
    main.o(.text) refers to oled.o(.text) for OLED_Init
    main.o(.text) refers to key.o(.text) for Key_GPIO_Config
    main.o(.text) refers to exti.o(.text) for EXTI0_Config
    main.o(.text) refers to timer.o(.text) for TIM2_Int_Init
    main.o(.text) refers to bh1750.o(.text) for Init_BH1750
    main.o(.text) refers to hcsr04.o(.text) for HC_SR04_Init
    main.o(.text) refers to stm32f10x_pwr.o(.text) for PWR_GetFlagStatus
    main.o(.text) refers to printfa.o(i.__0printf) for __2printf
    main.o(.text) refers to cfcmple.o(.text) for __aeabi_cfcmple
    main.o(.text) refers to stm32f10x_gpio.o(.text) for GPIO_SetBits
    main.o(.text) refers to stm32f10x_tim.o(.text) for TIM_Cmd
    main.o(.text) refers to timer.o(.data) for Maxtime
    main.o(.text) refers to main.o(.data) for timecount4
    main.o(.text) refers to bh1750.o(.data) for tempFlag
    stm32f10x_it.o(.text) refers to systick.o(.text) for TimingDelay_Decrement
    stm32f10x_it.o(.text) refers to stm32f10x_exti.o(.text) for EXTI_GetITStatus
    usart1.o(.text) refers to stm32f10x_rcc.o(.text) for RCC_APB2PeriphClockCmd
    usart1.o(.text) refers to stm32f10x_gpio.o(.text) for GPIO_Init
    usart1.o(.text) refers to misc.o(.text) for NVIC_Init
    usart1.o(.text) refers to stm32f10x_usart.o(.text) for USART_Init
    usart1.o(.text) refers to usart1.o(.data) for USART_RX_STA
    usart1.o(.text) refers to usart1.o(.bss) for USART_RX_BUF
    stm32f10x_adc.o(.text) refers to stm32f10x_rcc.o(.text) for RCC_APB2PeriphResetCmd
    stm32f10x_gpio.o(.text) refers to stm32f10x_rcc.o(.text) for RCC_APB2PeriphResetCmd
    stm32f10x_rcc.o(.text) refers to stm32f10x_rcc.o(.data) for APBAHBPrescTable
    stm32f10x_usart.o(.text) refers to stm32f10x_rcc.o(.text) for RCC_APB2PeriphResetCmd
    stm32f10x_spi.o(.text) refers to stm32f10x_rcc.o(.text) for RCC_APB2PeriphResetCmd
    stm32f10x_tim.o(.text) refers to stm32f10x_rcc.o(.text) for RCC_APB2PeriphResetCmd
    stm32f10x_pwr.o(.text) refers to stm32f10x_rcc.o(.text) for RCC_APB1PeriphResetCmd
    stm32f10x_i2c.o(.text) refers to stm32f10x_rcc.o(.text) for RCC_APB1PeriphResetCmd
    stm32f10x_bkp.o(.text) refers to stm32f10x_rcc.o(.text) for RCC_BackupResetCmd
    system_stm32f10x.o(.text) refers to system_stm32f10x.o(.data) for SystemCoreClock
    delay.o(.text) refers to misc.o(.text) for SysTick_CLKSourceConfig
    delay.o(.text) refers to system_stm32f10x.o(.data) for SystemCoreClock
    delay.o(.text) refers to delay.o(.data) for fac_us
    systick.o(.text) refers to system_stm32f10x.o(.data) for SystemCoreClock
    systick.o(.text) refers to systick.o(.data) for TimingDelay
    usart2.o(.text) refers to stm32f10x_rcc.o(.text) for RCC_APB1PeriphClockCmd
    usart2.o(.text) refers to stm32f10x_gpio.o(.text) for GPIO_Init
    usart2.o(.text) refers to misc.o(.text) for NVIC_Init
    usart2.o(.text) refers to stm32f10x_usart.o(.text) for USART_Init
    usart2.o(.text) refers to delay.o(.text) for delay_us
    usart2.o(.text) refers to strstr.o(.text) for strstr
    usart2.o(.text) refers to printfa.o(i.__0printf) for __2printf
    usart2.o(.text) refers to memseta.o(.text) for __aeabi_memclr
    usart2.o(.text) refers to main.o(.bss) for USART2_RX_BUF
    usart2.o(.text) refers to timer.o(.data) for SG90Flag
    usart2.o(.text) refers to usart2.o(.data) for cnt1
    usart2.o(.text) refers to main.o(.data) for classify
    led.o(.text) refers to stm32f10x_rcc.o(.text) for RCC_APB2PeriphClockCmd
    led.o(.text) refers to stm32f10x_gpio.o(.text) for GPIO_Init
    usart3.o(.text) refers to stm32f10x_rcc.o(.text) for RCC_APB1PeriphClockCmd
    usart3.o(.text) refers to stm32f10x_gpio.o(.text) for GPIO_Init
[...]
    printf7.o(i.__0fprintf$7) refers to usart1.o(.text) for fputc
    printf7.o(i.__0printf$7) refers to printf7.o(i._printf_core) for _printf_core
    printf7.o(i.__0printf$7) refers to usart1.o(.text) for fputc
    printf7.o(i.__0printf$7) refers to stdout.o(.data) for __stdout
    printf7.o(i.__0snprintf$7) refers to printf7.o(i._printf_core) for _printf_core
    printf7.o(i.__0snprintf$7) refers to printf7.o(i._snputc) for _snputc
    printf7.o(i.__0sprintf$7) refers to printf7.o(i._printf_core) for _printf_core
    printf7.o(i.__0sprintf$7) refers to printf7.o(i._sputc) for _sputc
    printf7.o(i.__0vfprintf$7) refers to printf7.o(i._printf_core) for _printf_core
    printf7.o(i.__0vfprintf$7) refers to usart1.o(.text) for fputc
    printf7.o(i.__0vprintf$7) refers to printf7.o(i._printf_core) for _printf_core
    printf7.o(i.__0vprintf$7) refers to usart1.o(.text) for fputc
    printf7.o(i.__0vprintf$7) refers to stdout.o(.data) for __stdout
    printf7.o(i.__0vsnprintf$7) refers to printf7.o(i._printf_core) for _printf_core
    printf7.o(i.__0vsnprintf$7) refers to printf7.o(i._snputc) for _snputc
    printf7.o(i.__0vsprintf$7) refers to printf7.o(i._printf_core) for _printf_core
    printf7.o(i.__0vsprintf$7) refers to printf7.o(i._sputc) for _sputc
    printf7.o(i._printf_core) refers to printf7.o(i._printf_pre_padding) for _printf_pre_padding
    printf7.o(i._printf_core) refers to uldiv.o(.text) for __aeabi_uldivmod
    printf7.o(i._printf_core) refers to printf7.o(i._printf_post_padding) for _printf_post_padding
    printf8.o(i.__0fprintf$8) refers to printf8.o(i._printf_core) for _printf_core
    printf8.o(i.__0fprintf$8) refers to usart1.o(.text) for fputc
    printf8.o(i.__0printf$8) refers to printf8.o(i._printf_core) for _printf_core
    printf8.o(i.__0printf$8) refers to usart1.o(.text) for fputc
    printf8.o(i.__0printf$8) refers to stdout.o(.data) for __stdout
    printf8.o(i.__0snprintf$8) refers to printf8.o(i._printf_core) for _printf_core
    printf8.o(i.__0snprintf$8) refers to printf8.o(i._snputc) for _snputc
    printf8.o(i.__0sprintf$8) refers to printf8.o(i._printf_core) for _printf_core
    printf8.o(i.__0sprintf$8) refers to printf8.o(i._sputc) for _sputc
    printf8.o(i.__0vfprintf$8) refers to printf8.o(i._printf_core) for _printf_core
    printf8.o(i.__0vfprintf$8) refers to usart1.o(.text) for fputc
    printf8.o(i.__0vprintf$8) refers to printf8.o(i._printf_core) for _printf_core
    printf8.o(i.__0vprintf$8) refers to usart1.o(.text) for fputc
    printf8.o(i.__0vprintf$8) refers to stdout.o(.data) for __stdout
    printf8.o(i.__0vsnprintf$8) refers to printf8.o(i._printf_core) for _printf_core
    printf8.o(i.__0vsnprintf$8) refers to printf8.o(i._snputc) for _snputc
    printf8.o(i.__0vsprintf$8) refers to printf8.o(i._printf_core) for _printf_core
    printf8.o(i.__0vsprintf$8) refers to printf8.o(i._sputc) for _sputc
    printf8.o(i._printf_core) refers to printf8.o(i._printf_pre_padding) for _printf_pre_padding
    printf8.o(i._printf_core) refers to uldiv.o(.text) for __aeabi_uldivmod
    printf8.o(i._printf_core) refers to printf8.o(i._printf_post_padding) for _printf_post_padding
    printfa.o(i.__0fprintf) refers (Special) to iusefp.o(.text) for __I$use$fp
    printfa.o(i.__0fprintf) refers to printfa.o(i._printf_core) for _printf_core
    printfa.o(i.__0fprintf) refers to usart1.o(.text) for fputc
    printfa.o(i.__0printf) refers (Special) to iusefp.o(.text) for __I$use$fp
    printfa.o(i.__0printf) refers to printfa.o(i._printf_core) for _printf_core
    printfa.o(i.__0printf) refers to usart1.o(.text) for fputc
    printfa.o(i.__0printf) refers to stdout.o(.data) for __stdout
    printfa.o(i.__0snprintf) refers (Special) to iusefp.o(.text) for __I$use$fp
    printfa.o(i.__0snprintf) refers to printfa.o(i._printf_core) for _printf_core
    printfa.o(i.__0snprintf) refers to printfa.o(i._snputc) for _snputc
    printfa.o(i.__0sprintf) refers (Special) to iusefp.o(.text) for __I$use$fp
    printfa.o(i.__0sprintf) refers to printfa.o(i._printf_core) for _printf_core
    printfa.o(i.__0sprintf) refers to printfa.o(i._sputc) for _sputc
    printfa.o(i.__0vfprintf) refers (Special) to iusefp.o(.text) for __I$use$fp
    printfa.o(i.__0vfprintf) refers to printfa.o(i._printf_core) for _printf_core
    printfa.o(i.__0vfprintf) refers to usart1.o(.text) for fputc
    printfa.o(i.__0vprintf) refers (Special) to iusefp.o(.text) for __I$use$fp
    printfa.o(i.__0vprintf) refers to printfa.o(i._printf_core) for _printf_core
    printfa.o(i.__0vprintf) refers to usart1.o(.text) for fputc
    printfa.o(i.__0vprintf) refers to stdout.o(.data) for __stdout
    printfa.o(i.__0vsnprintf) refers (Special) to iusefp.o(.text) for __I$use$fp
    printfa.o(i.__0vsnprintf) refers to printfa.o(i._printf_core) for _printf_core
    printfa.o(i.__0vsnprintf) refers to printfa.o(i._snputc) for _snputc
    printfa.o(i.__0vsprintf) refers (Special) to iusefp.o(.text) for __I$use$fp
    printfa.o(i.__0vsprintf) refers to printfa.o(i._printf_core) for _printf_core
    printfa.o(i.__0vsprintf) refers to printfa.o(i._sputc) for _sputc
    printfa.o(i._fp_digits) refers (Special) to iusefp.o(.text) for __I$use$fp
    printfa.o(i._fp_digits) refers to dmul.o(.text) for __aeabi_dmul
    printfa.o(i._fp_digits) refers to ddiv.o(.text) for __aeabi_ddiv
    printfa.o(i._fp_digits) refers to cdrcmple.o(.text) for __aeabi_cdrcmple
    printfa.o(i._fp_digits) refers to dadd.o(.text) for __aeabi_dadd
    printfa.o(i._fp_digits) refers to dfixul.o(.text) for __aeabi_d2ulz
    printfa.o(i._fp_digits) refers to uldiv.o(.text) for __aeabi_uldivmod
    printfa.o(i._printf_core) refers (Special) to iusefp.o(.text) for __I$use$fp
    printfa.o(i._printf_core) refers to printfa.o(i._printf_pre_padding) for _printf_pre_padding
    printfa.o(i._printf_core) refers to uldiv.o(.text) for __aeabi_uldivmod
    printfa.o(i._printf_core) refers to printfa.o(i._printf_post_padding) for _printf_post_padding
    printfa.o(i._printf_core) refers to printfa.o(i._fp_digits) for _fp_digits
    printfa.o(i._printf_core) refers to uidiv.o(.text) for __aeabi_uidivmod
    printfa.o(i._printf_post_padding) refers (Special) to iusefp.o(.text) for __I$use$fp
    printfa.o(i._printf_pre_padding) refers (Special) to iusefp.o(.text) for __I$use$fp
    printfa.o(i._snputc) refers (Special) to iusefp.o(.text) for __I$use$fp
    printfa.o(i._sputc) refers (Special) to iusefp.o(.text) for __I$use$fp
    fadd.o(.text) refers (Special) to iusefp.o(.text) for __I$use$fp
    fadd.o(.text) refers to fepilogue.o(.text) for _float_epilogue
    ddiv.o(.text) refers (Special) to iusefp.o(.text) for __I$use$fp
    ddiv.o(.text) refers to depilogue.o(.text) for _double_round
    fflti.o(.text) refers (Special) to iusefp.o(.text) for __I$use$fp
    fflti.o(.text) refers to fepilogue.o(.text) for _float_epilogue
    ffltui.o(.text) refers (Special) to iusefp.o(.text) for __I$use$fp
    ffltui.o(.text) refers to fepilogue.o(.text) for _float_epilogue
    ffixui.o(.text) refers (Special) to iusefp.o(.text) for __I$use$fp
    ffixul.o(.text) refers (Special) to iusefp.o(.text) for __I$use$fp
    ffixul.o(.text) refers to llshl.o(.text) for __aeabi_llsl
    f2d.o(.text) refers (Special) to iusefp.o(.text) for __I$use$fp
    d2f.o(.text) refers (Special) to iusefp.o(.text) for __I$use$fp
    d2f.o(.text) refers to fepilogue.o(.text) for _float_round
    cfcmple.o(.text) refers (Special) to iusefp.o(.text) for __I$use$fp
    entry2.o(.ARM.Collect$$$$00000001) refers to entry2.o(.ARM.Collect$$$$00002712) for __lit__00000000
    entry2.o(.ARM.Collect$$$$00002712) refers to startup_stm32f10x_hd.o(STACK) for __initial_sp
    entry2.o(__vectab_stack_and_reset_area) refers to startup_stm32f10x_hd.o(STACK) for __initial_sp
    entry2.o(__vectab_stack_and_reset_area) refers to entry.o(.ARM.Collect$$$$00000000) for __main
    entry5.o(.ARM.Collect$$$$00000004) refers to init.o(.text) for __scatterload
    entry9a.o(.ARM.Collect$$$$0000000B) refers to main.o(.text) for main
    entry9b.o(.ARM.Collect$$$$0000000C) refers to main.o(.text) for main
    depilogue.o(.text) refers to llshl.o(.text) for __aeabi_llsl
    depilogue.o(.text) refers to llushr.o(.text) for __aeabi_llsr
    dadd.o(.text) refers to llshl.o(.text) for __aeabi_llsl
    dadd.o(.text) refers to llsshr.o(.text) for __aeabi_lasr
    dadd.o(.text) refers to depilogue.o(.text) for _double_epilogue
    dmul.o(.text) refers to depilogue.o(.text) for _double_epilogue
    dfixul.o(.text) refers to llushr.o(.text) for __aeabi_llsr
    dfixul.o(.text) refers to llshl.o(.text) for __aeabi_llsl
    init.o(.text) refers to entry5.o(.ARM.Collect$$$$00000004) for __main_after_scatterload


==============================================================================

Removing Unused input sections from the image.

    Removing startup_stm32f10x_hd.o(HEAP), (0 bytes).
    Removing stm32f10x_it.o(.data), (1 bytes).
    Removing stm32f10x_adc.o(.text), (1102 bytes).
    Removing stm32f10x_spi.o(.text), (780 bytes).
    Removing stm32f10x_flash.o(.text), (1468 bytes).
    Removing stm32f10x_i2c.o(.text), (1028 bytes).
    Removing core_cm3.o(.emb_text), (32 bytes).
    Removing sys.o(.emb_text), (6 bytes).
    Removing sys.o(.text), (12 bytes).
    Removing led.o(.text), (132 bytes).
    Removing led.o(.constdata), (3784 bytes).

11 unused section(s) (total 8345 bytes) removed from the image.

==============================================================================

Image Symbol Table

    Local Symbols

    Symbol Name                              Value     Ov Type        Size  Object(Section)

    ../clib/../cmprslib/lz77c.c              0x00000000   Number         0  __dclz77c.o ABSOLUTE
    ../clib/microlib/division.c              0x00000000   Number         0  uidiv.o ABSOLUTE
    ../clib/microlib/division.c              0x00000000   Number         0  uldiv.o ABSOLUTE
    ../clib/microlib/init/entry.s            0x00000000   Number         0  entry7b.o ABSOLUTE
    ../clib/microlib/init/entry.s            0x00000000   Number         0  entry11a.o ABSOLUTE
    ../clib/microlib/init/entry.s            0x00000000   Number         0  entry10b.o ABSOLUTE
    ../clib/microlib/init/entry.s            0x00000000   Number         0  entry10a.o ABSOLUTE
    ../clib/microlib/init/entry.s            0x00000000   Number         0  entry9b.o ABSOLUTE
    ../clib/microlib/init/entry.s            0x00000000   Number         0  entry9a.o ABSOLUTE
    ../clib/microlib/init/entry.s            0x00000000   Number         0  entry8b.o ABSOLUTE
    ../clib/microlib/init/entry.s            0x00000000   Number         0  entry8a.o ABSOLUTE
    ../clib/microlib/init/entry.s            0x00000000   Number         0  entry11b.o ABSOLUTE
    ../clib/microlib/init/entry.s            0x00000000   Number         0  entry7a.o ABSOLUTE
    ../clib/microlib/init/entry.s            0x00000000   Number         0  entry5.o ABSOLUTE
    ../clib/microlib/init/entry.s            0x00000000   Number         0  entry2.o ABSOLUTE
    ../clib/microlib/init/entry.s            0x00000000   Number         0  entry.o ABSOLUTE
    ../clib/microlib/init/entry.s            0x00000000   Number         0  entry12a.o ABSOLUTE
    ../clib/microlib/init/entry.s            0x00000000   Number         0  entry12b.o ABSOLUTE
    ../clib/microlib/longlong.c              0x00000000   Number         0  llshl.o ABSOLUTE
    ../clib/microlib/longlong.c              0x00000000   Number         0  llushr.o ABSOLUTE
    ../clib/microlib/longlong.c              0x00000000   Number         0  llsshr.o ABSOLUTE
    ../clib/microlib/printf/printf.c         0x00000000   Number         0  printf2.o ABSOLUTE
    ../clib/microlib/printf/printf.c         0x00000000   Number         0  printf5.o ABSOLUTE
    ../clib/microlib/printf/printf.c         0x00000000   Number         0  printf4.o ABSOLUTE
    ../clib/microlib/printf/printf.c         0x00000000   Number         0  printf3.o ABSOLUTE
    ../clib/microlib/printf/printf.c         0x00000000   Number         0  printf1.o ABSOLUTE
    ../clib/microlib/printf/printf.c         0x00000000   Number         0  printf0.o ABSOLUTE
    ../clib/microlib/printf/printf.c         0x00000000   Number         0  printfb.o ABSOLUTE
    ../clib/microlib/printf/printf.c         0x00000000   Number         0  printf6.o ABSOLUTE
    ../clib/microlib/printf/printf.c         0x00000000   Number         0  printfa.o ABSOLUTE
    ../clib/microlib/printf/printf.c         0x00000000   Number         0  printf8.o ABSOLUTE
    ../clib/microlib/printf/printf.c         0x00000000   Number         0  printf7.o ABSOLUTE
    ../clib/microlib/printf/stubs.s          0x00000000   Number         0  stubs.o ABSOLUTE
    ../clib/microlib/stdio/streams.c         0x00000000   Number         0  stdout.o ABSOLUTE
    ../clib/microlib/string/memset.c         0x00000000   Number         0  memseta.o ABSOLUTE
    ../clib/microlib/string/strstr.c         0x00000000   Number         0  strstr.o ABSOLUTE
    ../clib/microlib/stubs.s                 0x00000000   Number         0  iusefp.o ABSOLUTE
    ../fplib/microlib/d2f.c                  0x00000000   Number         0  d2f.o ABSOLUTE
    ../fplib/microlib/f2d.c                  0x00000000   Number         0  f2d.o ABSOLUTE
    ../fplib/microlib/fpadd.c                0x00000000   Number         0  fadd.o ABSOLUTE
    ../fplib/microlib/fpadd.c                0x00000000   Number         0  dadd.o ABSOLUTE
    ../fplib/microlib/fpdiv.c                0x00000000   Number         0  ddiv.o ABSOLUTE
    ../fplib/microlib/fpepilogue.c           0x00000000   Number         0  depilogue.o ABSOLUTE
    ../fplib/microlib/fpepilogue.c           0x00000000   Number         0  fepilogue.o ABSOLUTE
    ../fplib/microlib/fpfix.c                0x00000000   Number         0  ffixul.o ABSOLUTE
    ../fplib/microlib/fpfix.c                0x00000000   Number         0  dfixul.o ABSOLUTE
    ../fplib/microlib/fpfix.c                0x00000000   Number         0  ffixui.o ABSOLUTE
    ../fplib/microlib/fpflt.c                0x00000000   Number         0  fflti.o ABSOLUTE
    ../fplib/microlib/fpflt.c                0x00000000   Number         0  ffltui.o ABSOLUTE
    ../fplib/microlib/fpmul.c                0x00000000   Number         0  dmul.o ABSOLUTE
    ..\CMSIS\core_cm3.c                      0x00000000   Number         0  core_cm3.o ABSOLUTE
    ..\CMSIS\startup\startup_stm32f10x_hd.s  0x00000000   Number         0  startup_stm32f10x_hd.o ABSOLUTE
    ..\CMSIS\system_stm32f10x.c              0x00000000   Number         0  system_stm32f10x.o ABSOLUTE
    ..\FWlib\src\misc.c                      0x00000000   Number         0  misc.o ABSOLUTE
    ..\FWlib\src\stm32f10x_adc.c             0x00000000   Number         0  stm32f10x_adc.o ABSOLUTE
    ..\FWlib\src\stm32f10x_bkp.c             0x00000000   Number         0  stm32f10x_bkp.o ABSOLUTE
    ..\FWlib\src\stm32f10x_exti.c            0x00000000   Number         0  stm32f10x_exti.o ABSOLUTE
    ..\FWlib\src\stm32f10x_flash.c           0x00000000   Number         0  stm32f10x_flash.o ABSOLUTE
    ..\FWlib\src\stm32f10x_gpio.c            0x00000000   Number         0  stm32f10x_gpio.o ABSOLUTE
    ..\FWlib\src\stm32f10x_i2c.c             0x00000000   Number         0  stm32f10x_i2c.o ABSOLUTE
    ..\FWlib\src\stm32f10x_pwr.c             0x00000000   Number         0  stm32f10x_pwr.o ABSOLUTE
    ..\FWlib\src\stm32f10x_rcc.c             0x00000000   Number         0  stm32f10x_rcc.o ABSOLUTE
    ..\FWlib\src\stm32f10x_spi.c             0x00000000   Number         0  stm32f10x_spi.o ABSOLUTE
    ..\FWlib\src\stm32f10x_tim.c             0x00000000   Number         0  stm32f10x_tim.o ABSOLUTE
    ..\FWlib\src\stm32f10x_usart.c           0x00000000   Number         0  stm32f10x_usart.o ABSOLUTE
    ..\HARDWARE\KEY\key.c                    0x00000000   Number         0  key.o ABSOLUTE
    ..\HARDWARE\LED\led.c                    0x00000000   Number         0  led.o ABSOLUTE
    ..\HARDWARE\TIMER\timer.c                0x00000000   Number         0  timer.o ABSOLUTE
    ..\HARDWARE\bh1750\bh1750.c              0x00000000   Number         0  bh1750.o ABSOLUTE
    ..\HARDWARE\exti\exti.c                  0x00000000   Number         0  exti.o ABSOLUTE
    ..\HARDWARE\gpio\gpio.c                  0x00000000   Number         0  gpio.o ABSOLUTE
    ..\HARDWARE\hcsr04\HCSR04.c              0x00000000   Number         0  hcsr04.o ABSOLUTE
    ..\HARDWARE\oled\OLED.c                  0x00000000   Number         0  oled.o ABSOLUTE
    ..\HARDWARE\usart2\usart2.c              0x00000000   Number         0  usart2.o ABSOLUTE
    ..\HARDWARE\usart3\usart3.c              0x00000000   Number         0  usart3.o ABSOLUTE
    ..\SYSTEM\delay\SysTick.c                0x00000000   Number         0  systick.o ABSOLUTE
    ..\SYSTEM\delay\delay.c                  0x00000000   Number         0  delay.o ABSOLUTE
    ..\SYSTEM\sys\sys.c                      0x00000000   Number         0  sys.o ABSOLUTE
    ..\\CMSIS\\core_cm3.c                    0x00000000   Number         0  core_cm3.o ABSOLUTE
    ..\\SYSTEM\\sys\\sys.c                   0x00000000   Number         0  sys.o ABSOLUTE
    cdrcmple.s                               0x00000000   Number         0  cdrcmple.o ABSOLUTE
    cfcmple.s                                0x00000000   Number         0  cfcmple.o ABSOLUTE
    dc.s                                     0x00000000   Number         0  dc.o ABSOLUTE
    handlers.s                               0x00000000   Number         0  handlers.o ABSOLUTE
    init.s                                   0x00000000   Number         0  init.o ABSOLUTE
    main.c                                   0x00000000   Number         0  main.o ABSOLUTE
    stm32f10x_it.c                           0x00000000   Number         0  stm32f10x_it.o ABSOLUTE
    usart1.c                                 0x00000000   Number         0  usart1.o ABSOLUTE
    RESET                                    0x08000000   Section      304  startup_stm32f10x_hd.o(RESET)
    .ARM.Collect$$$$00000000                 0x08000130   Section        0  entry.o(.ARM.Collect$$$$00000000)
    .ARM.Collect$$$$00000001                 0x08000130   Section        4  entry2.o(.ARM.Collect$$$$00000001)
    .ARM.Collect$$$$00000004                 0x08000134   Section        4  entry5.o(.ARM.Collect$$$$00000004)
    .ARM.Collect$$$$00000008                 0x08000138   Section        0  entry7b.o(.ARM.Collect$$$$00000008)
    .ARM.Collect$$$$0000000A                 0x08000138   Section        0  entry8b.o(.ARM.Collect$$$$0000000A)
    .ARM.Collect$$$$0000000B                 0x08000138   Section        8  entry9a.o(.ARM.Collect$$$$0000000B)
    .ARM.Collect$$$$0000000E                 0x08000140   Section        4  entry12b.o(.ARM.Collect$$$$0000000E)
    .ARM.Collect$$$$0000000F                 0x08000144   Section        0  entry10a.o(.ARM.Collect$$$$0000000F)
    .ARM.Collect$$$$00000011                 0x08000144   Section        0  entry11a.o(.ARM.Collect$$$$00000011)
    .ARM.Collect$$$$00002712                 0x08000144   Section        4  entry2.o(.ARM.Collect$$$$00002712)
    __lit__00000000                          0x08000144   Data           4  entry2.o(.ARM.Collect$$$$00002712)
    .text                                    0x08000148   Section       48  startup_stm32f10x_hd.o(.text)
    .text                                    0x08000178   Section        0  main.o(.text)
    .text                                    0x080003c0   Section        0  stm32f10x_it.o(.text)
    .text                                    0x080003f4   Section        0  usart1.o(.text)
    .text                                    0x080005bc   Section        0  misc.o(.text)
    .text                                    0x08000698   Section        0  stm32f10x_gpio.o(.text)
    .text                                    0x080009f4   Section        0  stm32f10x_rcc.o(.text)
    .text                                    0x08000d98   Section        0  stm32f10x_usart.o(.text)
    .text                                    0x080011a0   Section        0  stm32f10x_tim.o(.text)
    TI4_Config                               0x08001647   Thumb Code   130  stm32f10x_tim.o(.text)
    TI3_Config                               0x080016db   Thumb Code   122  stm32f10x_tim.o(.text)
    TI2_Config                               0x0800176f   Thumb Code   130  stm32f10x_tim.o(.text)
    TI1_Config                               0x08001803   Thumb Code   108  stm32f10x_tim.o(.text)
    .text                                    0x08001fbc   Section        0  stm32f10x_exti.o(.text)
    .text                                    0x080020d8   Section        0  stm32f10x_pwr.o(.text)
    .text                                    0x080021a4   Section        0  stm32f10x_bkp.o(.text)
    .text                                    0x08002268   Section        0  system_stm32f10x.o(.text)
    SetSysClockTo72                          0x08002269   Thumb Code   214  system_stm32f10x.o(.text)
    SetSysClock                              0x0800233f   Thumb Code     8  system_stm32f10x.o(.text)
    .text                                    0x08002448   Section        0  delay.o(.text)
    .text                                    0x0800251c   Section        0  systick.o(.text)
    .text                                    0x080025b0   Section        0  usart2.o(.text)
    .text                                    0x080029a8   Section        0  usart3.o(.text)
    .text                                    0x08002bf8   Section        0  timer.o(.text)
    .text                                    0x08002f7c   Section        0  gpio.o(.text)
    .text                                    0x0800304c   Section        0  exti.o(.text)
    .text                                    0x080030bc   Section        0  bh1750.o(.text)
    .text                                    0x08003400   Section        0  oled.o(.text)
    .text                                    0x080041b8   Section        0  key.o(.text)
    .text                                    0x08004230   Section        0  hcsr04.o(.text)
    .text                                    0x08004914   Section        0  uldiv.o(.text)
    .text                                    0x08004976   Section        0  memseta.o(.text)
    .text                                    0x0800499a   Section        0  strstr.o(.text)
    .text                                    0x080049be   Section        0  fadd.o(.text)
    .text                                    0x08004a6e   Section        0  ddiv.o(.text)
    .text                                    0x08004b4c   Section        0  fflti.o(.text)
    .text                                    0x08004b5e   Section        0  ffltui.o(.text)
    .text                                    0x08004b68   Section        0  ffixui.o(.text)
    .text                                    0x08004b90   Section        0  ffixul.o(.text)
    .text                                    0x08004bbc   Section        0  f2d.o(.text)
    .text                                    0x08004be2   Section        0  d2f.o(.text)
    .text                                    0x08004c1c   Section       20  cfcmple.o(.text)
    .text                                    0x08004c30   Section        0  uidiv.o(.text)
    .text                                    0x08004c5c   Section        0  llshl.o(.text)
    .text                                    0x08004c7a   Section        0  llushr.o(.text)
    .text                                    0x08004c9a   Section        0  iusefp.o(.text)
    .text                                    0x08004c9a   Section        0  fepilogue.o(.text)
    .text                                    0x08004d08   Section        0  depilogue.o(.text)
    .text                                    0x08004dc2   Section        0  dadd.o(.text)
    .text                                    0x08004f10   Section        0  dmul.o(.text)
    .text                                    0x08004ff4   Section        0  dfixul.o(.text)
    .text                                    0x08005024   Section       48  cdrcmple.o(.text)
    .text                                    0x08005054   Section       36  init.o(.text)
    .text                                    0x08005078   Section        0  llsshr.o(.text)
    .text                                    0x0800509c   Section        0  __dclz77c.o(.text)
    i.__0printf                              0x080050fc   Section        0  printfa.o(i.__0printf)
    i.__scatterload_copy                     0x0800511c   Section       14  handlers.o(i.__scatterload_copy)
    i.__scatterload_null                     0x0800512a   Section        2  handlers.o(i.__scatterload_null)
    i.__scatterload_zeroinit                 0x0800512c   Section       14  handlers.o(i.__scatterload_zeroinit)
    i._fp_digits                             0x0800513c   Section        0  printfa.o(i._fp_digits)
    _fp_digits                               0x0800513d   Thumb Code   366  printfa.o(i._fp_digits)
    i._printf_core                           0x080052c0   Section        0  printfa.o(i._printf_core)
    _printf_core                             0x080052c1   Thumb Code  1704  printfa.o(i._printf_core)
    i._printf_post_padding                   0x08005974   Section        0  printfa.o(i._printf_post_padding)
    _printf_post_padding                     0x08005975   Thumb Code    36  printfa.o(i._printf_post_padding)
    i._printf_pre_padding                    0x08005998   Section        0  printfa.o(i._printf_pre_padding)
    _printf_pre_padding                      0x08005999   Thumb Code    46  printfa.o(i._printf_pre_padding)
    .constdata                               0x080059c6   Section     1520  oled.o(.constdata)
    .data                                    0x20000000   Section       32  main.o(.data)
    .data                                    0x20000020   Section        2  usart1.o(.data)
    .data                                    0x20000022   Section       20  stm32f10x_rcc.o(.data)
    APBAHBPrescTable                         0x20000022   Data          16  stm32f10x_rcc.o(.data)
    ADCPrescTable                            0x20000032   Data           4  stm32f10x_rcc.o(.data)
    .data                                    0x20000038   Section       20  system_stm32f10x.o(.data)
    .data                                    0x2000004c   Section        4  delay.o(.data)
    fac_us                                   0x2000004c   Data           1  delay.o(.data)
    fac_ms                                   0x2000004e   Data           2  delay.o(.data)
    .data                                    0x20000050   Section        4  systick.o(.data)
    TimingDelay                              0x20000050   Data           4  systick.o(.data)
    .data                                    0x20000054   Section        6  usart2.o(.data)
    cnt1                                     0x20000055   Data           1  usart2.o(.data)
    cnt2                                     0x20000056   Data           1  usart2.o(.data)
    cnt3                                     0x20000057   Data           1  usart2.o(.data)
    cnt4                                     0x20000058   Data           1  usart2.o(.data)
    i                                        0x20000059   Data           1  usart2.o(.data)
    .data                                    0x2000005a   Section        2  usart3.o(.data)
    i                                        0x2000005b   Data           1  usart3.o(.data)
    .data                                    0x2000005c   Section       16  timer.o(.data)
    count                                    0x20000068   Data           2  timer.o(.data)
    count2                                   0x2000006a   Data           2  timer.o(.data)
    .data                                    0x2000006c   Section        4  bh1750.o(.data)
    .data                                    0x20000070   Section     1176  oled.o(.data)
    .data                                    0x20000508   Section       20  hcsr04.o(.data)
    .data                                    0x2000051c   Section        4  stdout.o(.data)
    .bss                                     0x20000520   Section      200  main.o(.bss)
    .bss                                     0x200005e8   Section      200  usart1.o(.bss)
    STACK                                    0x200006b0   Section      512  startup_stm32f10x_hd.o(STACK)

    Global Symbols

    Symbol Name                              Value     Ov Type        Size  Object(Section)

    BuildAttributes$$THM_ISAv4$P$D$K$B$S$PE$A:L22UL41UL21$X:L11$S22US41US21$IEEE1$IW$USESV6$~STKCKD$USESV7$~SHL$OTIME$ROPI$EBA8$MICROLIB$REQ8$PRES8$EABIv2 0x00000000   Number         0  anon$$obj.o ABSOLUTE
    __ARM_use_no_argv                        0x00000000   Number         0  main.o ABSOLUTE
    _printf_a                                0x00000000   Number         0  stubs.o ABSOLUTE
    _printf_c                                0x00000000   Number         0  stubs.o ABSOLUTE
    _printf_charcount                        0x00000000   Number         0  stubs.o ABSOLUTE
    _printf_d                                0x00000000   Number         0  stubs.o ABSOLUTE
    _printf_e                                0x00000000   Number         0  stubs.o ABSOLUTE
    _printf_f                                0x00000000   Number         0  stubs.o ABSOLUTE
    _printf_flags                            0x00000000   Number         0  stubs.o ABSOLUTE
    _printf_fp_dec                           0x00000000   Number         0  stubs.o ABSOLUTE
    _printf_fp_hex                           0x00000000   Number         0  stubs.o ABSOLUTE
    _printf_g                                0x00000000   Number         0  stubs.o ABSOLUTE
    _printf_i                                0x00000000   Number         0  stubs.o ABSOLUTE
    _printf_int_dec                          0x00000000   Number         0  stubs.o ABSOLUTE
    _printf_l                                0x00000000   Number         0  stubs.o ABSOLUTE
    _printf_lc                               0x00000000   Number         0  stubs.o ABSOLUTE
    _printf_ll                               0x00000000   Number         0  stubs.o ABSOLUTE
    _printf_lld                              0x00000000   Number         0  stubs.o ABSOLUTE
    _printf_lli                              0x00000000   Number         0  stubs.o ABSOLUTE
    _printf_llo                              0x00000000   Number         0  stubs.o ABSOLUTE
    _printf_llu                              0x00000000   Number         0  stubs.o ABSOLUTE
    _printf_llx                              0x00000000   Number         0  stubs.o ABSOLUTE
    _printf_longlong_dec                     0x00000000   Number         0  stubs.o ABSOLUTE
    _printf_longlong_hex                     0x00000000   Number         0  stubs.o ABSOLUTE
    _printf_longlong_oct                     0x00000000   Number         0  stubs.o ABSOLUTE
    _printf_ls                               0x00000000   Number         0  stubs.o ABSOLUTE
    _printf_mbtowc                           0x00000000   Number         0  stubs.o ABSOLUTE
    _printf_n                                0x00000000   Number         0  stubs.o ABSOLUTE
    _printf_o                                0x00000000   Number         0  stubs.o ABSOLUTE
    _printf_p                                0x00000000   Number         0  stubs.o ABSOLUTE
    _printf_percent                          0x00000000   Number         0  stubs.o ABSOLUTE
    _printf_pre_padding                      0x00000000   Number         0  stubs.o ABSOLUTE
    _printf_return_value                     0x00000000   Number         0  stubs.o ABSOLUTE
    _printf_s                                0x00000000   Number         0  stubs.o ABSOLUTE
    _printf_sizespec                         0x00000000   Number         0  stubs.o ABSOLUTE
    _printf_str                              0x00000000   Number         0  stubs.o ABSOLUTE
    _printf_truncate_signed                  0x00000000   Number         0  stubs.o ABSOLUTE
    _printf_truncate_unsigned                0x00000000   Number         0  stubs.o ABSOLUTE
    _printf_u                                0x00000000   Number         0  stubs.o ABSOLUTE
    _printf_wc                               0x00000000   Number         0  stubs.o ABSOLUTE
    _printf_wctomb                           0x00000000   Number         0  stubs.o ABSOLUTE
    _printf_widthprec                        0x00000000   Number         0  stubs.o ABSOLUTE
    _printf_x                                0x00000000   Number         0  stubs.o ABSOLUTE
    __arm_fini_                               - Undefined Weak Reference
    __cpp_initialize__aeabi_                  - Undefined Weak Reference
    __cxa_finalize                            - Undefined Weak Reference
    _clock_init                               - Undefined Weak Reference
    _microlib_exit                            - Undefined Weak Reference
    __Vectors_Size                           0x00000130   Number         0  startup_stm32f10x_hd.o ABSOLUTE
    __Vectors                                0x08000000   Data           4  startup_stm32f10x_hd.o(RESET)
    __Vectors_End                            0x08000130   Data           0  startup_stm32f10x_hd.o(RESET)
    __main                                   0x08000131   Thumb Code     0  entry.o(.ARM.Collect$$$$00000000)
    _main_stk                                0x08000131   Thumb Code     0  entry2.o(.ARM.Collect$$$$00000001)
    _main_scatterload                        0x08000135   Thumb Code     0  entry5.o(.ARM.Collect$$$$00000004)
    __main_after_scatterload                 0x08000139   Thumb Code     0  entry5.o(.ARM.Collect$$$$00000004)
    _main_clock                              0x08000139   Thumb Code     0  entry7b.o(.ARM.Collect$$$$00000008)
    _main_cpp_init                           0x08000139   Thumb Code     0  entry8b.o(.ARM.Collect$$$$0000000A)
    _main_init                               0x08000139   Thumb Code     0  entry9a.o(.ARM.Collect$$$$0000000B)
    __rt_lib_shutdown_fini                   0x08000141   Thumb Code     0  entry12b.o(.ARM.Collect$$$$0000000E)
    __rt_final_cpp                           0x08000145   Thumb Code     0  entry10a.o(.ARM.Collect$$$$0000000F)
    __rt_final_exit                          0x08000145   Thumb Code     0  entry11a.o(.ARM.Collect$$$$00000011)
    SystemInit_ExtMemCtl                     0x08000149   Thumb Code     2  startup_stm32f10x_hd.o(.text)
    Reset_Handler                            0x0800014b   Thumb Code    14  startup_stm32f10x_hd.o(.text)
    ADC1_2_IRQHandler                        0x0800016b   Thumb Code     0  startup_stm32f10x_hd.o(.text)
    ADC3_IRQHandler                          0x0800016b   Thumb Code     0  startup_stm32f10x_hd.o(.text)
    CAN1_RX1_IRQHandler                      0x0800016b   Thumb Code     0  startup_stm32f10x_hd.o(.text)
    CAN1_SCE_IRQHandler                      0x0800016b   Thumb Code     0  startup_stm32f10x_hd.o(.text)
    DMA1_Channel1_IRQHandler                 0x0800016b   Thumb Code     0  startup_stm32f10x_hd.o(.text)
    DMA1_Channel2_IRQHandler                 0x0800016b   Thumb Code     0  startup_stm32f10x_hd.o(.text)
    DMA1_Channel3_IRQHandler                 0x0800016b   Thumb Code     0  startup_stm32f10x_hd.o(.text)
    DMA1_Channel4_IRQHandler                 0x0800016b   Thumb Code     0  startup_stm32f10x_hd.o(.text)
    DMA1_Channel5_IRQHandler                 0x0800016b   Thumb Code     0  startup_stm32f10x_hd.o(.text)
    DMA1_Channel6_IRQHandler                 0x0800016b   Thumb Code     0  startup_stm32f10x_hd.o(.text)
    DMA1_Channel7_IRQHandler                 0x0800016b   Thumb Code     0  startup_stm32f10x_hd.o(.text)
    DMA2_Channel1_IRQHandler                 0x0800016b   Thumb Code     0  startup_stm32f10x_hd.o(.text)
    DMA2_Channel2_IRQHandler                 0x0800016b   Thumb Code     0  startup_stm32f10x_hd.o(.text)
    DMA2_Channel3_IRQHandler                 0x0800016b   Thumb Code     0  startup_stm32f10x_hd.o(.text)
    DMA2_Channel4_5_IRQHandler               0x0800016b   Thumb Code     0  startup_stm32f10x_hd.o(.text)
    EXTI15_10_IRQHandler                     0x0800016b   Thumb Code     0  startup_stm32f10x_hd.o(.text)
    EXTI1_IRQHandler                         0x0800016b   Thumb Code     0  startup_stm32f10x_hd.o(.text)
    EXTI2_IRQHandler                         0x0800016b   Thumb Code     0  startup_stm32f10x_hd.o(.text)
    EXTI3_IRQHandler                         0x0800016b   Thumb Code     0  startup_stm32f10x_hd.o(.text)
    EXTI4_IRQHandler                         0x0800016b   Thumb Code     0  startup_stm32f10x_hd.o(.text)
    EXTI9_5_IRQHandler                       0x0800016b   Thumb Code     0  startup_stm32f10x_hd.o(.text)
    FLASH_IRQHandler                         0x0800016b   Thumb Code     0  startup_stm32f10x_hd.o(.text)
    FSMC_IRQHandler                          0x0800016b   Thumb Code     0  startup_stm32f10x_hd.o(.text)
    I2C1_ER_IRQHandler                       0x0800016b   Thumb Code     0  startup_stm32f10x_hd.o(.text)
    I2C1_EV_IRQHandler                       0x0800016b   Thumb Code     0  startup_stm32f10x_hd.o(.text)
    I2C2_ER_IRQHandler                       0x0800016b   Thumb Code     0  startup_stm32f10x_hd.o(.text)
    I2C2_EV_IRQHandler                       0x0800016b   Thumb Code     0  startup_stm32f10x_hd.o(.text)
    PVD_IRQHandler                           0x0800016b   Thumb Code     0  startup_stm32f10x_hd.o(.text)
    RCC_IRQHandler                           0x0800016b   Thumb Code     0  startup_stm32f10x_hd.o(.text)
    RTCAlarm_IRQHandler                      0x0800016b   Thumb Code     0  startup_stm32f10x_hd.o(.text)
    RTC_IRQHandler                           0x0800016b   Thumb Code     0  startup_stm32f10x_hd.o(.text)
    SDIO_IRQHandler                          0x0800016b   Thumb Code     0  startup_stm32f10x_hd.o(.text)
    SPI1_IRQHandler                          0x0800016b   Thumb Code     0  startup_stm32f10x_hd.o(.text)
    SPI2_IRQHandler                          0x0800016b   Thumb Code     0  startup_stm32f10x_hd.o(.text)
    SPI3_IRQHandler                          0x0800016b   Thumb Code     0  startup_stm32f10x_hd.o(.text)
    TAMPER_IRQHandler                        0x0800016b   Thumb Code     0  startup_stm32f10x_hd.o(.text)
    TIM1_BRK_IRQHandler                      0x0800016b   Thumb Code     0  startup_stm32f10x_hd.o(.text)
    TIM1_CC_IRQHandler                       0x0800016b   Thumb Code     0  startup_stm32f10x_hd.o(.text)
    TIM1_TRG_COM_IRQHandler                  0x0800016b   Thumb Code     0  startup_stm32f10x_hd.o(.text)
    TIM1_UP_IRQHandler                       0x0800016b   Thumb Code     0  startup_stm32f10x_hd.o(.text)
    TIM4_IRQHandler                          0x0800016b   Thumb Code     0  startup_stm32f10x_hd.o(.text)
    TIM5_IRQHandler                          0x0800016b   Thumb Code     0  startup_stm32f10x_hd.o(.text)
    TIM6_IRQHandler                          0x0800016b   Thumb Code     0  startup_stm32f10x_hd.o(.text)
    TIM7_IRQHandler                          0x0800016b   Thumb Code     0  startup_stm32f10x_hd.o(.text)
    TIM8_BRK_IRQHandler                      0x0800016b   Thumb Code     0  startup_stm32f10x_hd.o(.text)
    TIM8_CC_IRQHandler                       0x0800016b   Thumb Code     0  startup_stm32f10x_hd.o(.text)
    TIM8_TRG_COM_IRQHandler                  0x0800016b   Thumb Code     0  startup_stm32f10x_hd.o(.text)
    TIM8_UP_IRQHandler                       0x0800016b   Thumb Code     0  startup_stm32f10x_hd.o(.text)
    UART4_IRQHandler                         0x0800016b   Thumb Code     0  startup_stm32f10x_hd.o(.text)
    UART5_IRQHandler                         0x0800016b   Thumb Code     0  startup_stm32f10x_hd.o(.text)
    USBWakeUp_IRQHandler                     0x0800016b   Thumb Code     0  startup_stm32f10x_hd.o(.text)
    USB_HP_CAN1_TX_IRQHandler                0x0800016b   Thumb Code     0  startup_stm32f10x_hd.o(.text)
    USB_LP_CAN1_RX0_IRQHandler               0x0800016b   Thumb Code     0  startup_stm32f10x_hd.o(.text)
    WWDG_IRQHandler                          0x0800016b   Thumb Code     0  startup_stm32f10x_hd.o(.text)
    main                                     0x08000179   Thumb Code   440  main.o(.text)
    NMI_Handler                              0x080003c1   Thumb Code     2  stm32f10x_it.o(.text)
    HardFault_Handler                        0x080003c3   Thumb Code     4  stm32f10x_it.o(.text)
    MemManage_Handler                        0x080003c7   Thumb Code     4  stm32f10x_it.o(.text)
    BusFault_Handler                         0x080003cb   Thumb Code     4  stm32f10x_it.o(.text)
    UsageFault_Handler                       0x080003cf   Thumb Code     4  stm32f10x_it.o(.text)
    SVC_Handler                              0x080003d3   Thumb Code     2  stm32f10x_it.o(.text)
    DebugMon_Handler                         0x080003d5   Thumb Code     2  stm32f10x_it.o(.text)
    PendSV_Handler                           0x080003d7   Thumb Code     2  stm32f10x_it.o(.text)
    SysTick_Handler                          0x080003d9   Thumb Code     8  stm32f10x_it.o(.text)
    EXTI0_IRQHandler                         0x080003e1   Thumb Code    18  stm32f10x_it.o(.text)
    uart1_init                               0x080003f5   Thumb Code   152  usart1.o(.text)
    USART1_IRQHandler                        0x0800048d   Thumb Code   122  usart1.o(.text)
    usart1_SendStringByLen                   0x08000507   Thumb Code    44  usart1.o(.text)
    fputc                                    0x08000533   Thumb Code    32  usart1.o(.text)
    UART1SendByte                            0x08000553   Thumb Code    28  usart1.o(.text)
    UART1GetByte                             0x0800056f   Thumb Code    30  usart1.o(.text)
    UART1Test                                0x0800058d   Thumb Code    32  usart1.o(.text)
    NVIC_PriorityGroupConfig                 0x080005bd   Thumb Code    10  misc.o(.text)
    NVIC_Init                                0x080005c7   Thumb Code   100  misc.o(.text)
    NVIC_SetVectorTable                      0x0800062b   Thumb Code    14  misc.o(.text)
    NVIC_SystemLPConfig                      0x08000639   Thumb Code    34  misc.o(.text)
    SysTick_CLKSourceConfig                  0x0800065b   Thumb Code    40  misc.o(.text)
    GPIO_DeInit                              0x08000699   Thumb Code   172  stm32f10x_gpio.o(.text)
    GPIO_AFIODeInit                          0x08000745   Thumb Code    20  stm32f10x_gpio.o(.text)
    GPIO_Init                                0x08000759   Thumb Code   278  stm32f10x_gpio.o(.text)
    GPIO_StructInit                          0x0800086f   Thumb Code    16  stm32f10x_gpio.o(.text)
    GPIO_ReadInputDataBit                    0x0800087f   Thumb Code    18  stm32f10x_gpio.o(.text)
    GPIO_ReadInputData                       0x08000891   Thumb Code     8  stm32f10x_gpio.o(.text)
    GPIO_ReadOutputDataBit                   0x08000899   Thumb Code    18  stm32f10x_gpio.o(.text)
    GPIO_ReadOutputData                      0x080008ab   Thumb Code     8  stm32f10x_gpio.o(.text)
    GPIO_SetBits                             0x080008b3   Thumb Code     4  stm32f10x_gpio.o(.text)
    GPIO_ResetBits                           0x080008b7   Thumb Code     4  stm32f10x_gpio.o(.text)
    GPIO_WriteBit                            0x080008bb   Thumb Code    10  stm32f10x_gpio.o(.text)
    GPIO_Write                               0x080008c5   Thumb Code     4  stm32f10x_gpio.o(.text)
    GPIO_PinLockConfig                       0x080008c9   Thumb Code    18  stm32f10x_gpio.o(.text)
    GPIO_EventOutputConfig                   0x080008db   Thumb Code    26  stm32f10x_gpio.o(.text)
    GPIO_EventOutputCmd                      0x080008f5   Thumb Code     6  stm32f10x_gpio.o(.text)
    GPIO_PinRemapConfig                      0x080008fb   Thumb Code   138  stm32f10x_gpio.o(.text)
    GPIO_EXTILineConfig                      0x08000985   Thumb Code    66  stm32f10x_gpio.o(.text)
    GPIO_ETH_MediaInterfaceConfig            0x080009c7   Thumb Code     8  stm32f10x_gpio.o(.text)
    RCC_DeInit                               0x080009f5   Thumb Code    64  stm32f10x_rcc.o(.text)
    RCC_HSEConfig                            0x08000a35   Thumb Code    70  stm32f10x_rcc.o(.text)
    RCC_GetFlagStatus                        0x08000a7b   Thumb Code    56  stm32f10x_rcc.o(.text)
    RCC_WaitForHSEStartUp                    0x08000ab3   Thumb Code    56  stm32f10x_rcc.o(.text)
    RCC_AdjustHSICalibrationValue            0x08000aeb   Thumb Code    20  stm32f10x_rcc.o(.text)
    RCC_HSICmd                               0x08000aff   Thumb Code     6  stm32f10x_rcc.o(.text)
    RCC_PLLConfig                            0x08000b05   Thumb Code    24  stm32f10x_rcc.o(.text)
    RCC_PLLCmd                               0x08000b1d   Thumb Code     6  stm32f10x_rcc.o(.text)
    RCC_SYSCLKConfig                         0x08000b23   Thumb Code    18  stm32f10x_rcc.o(.text)
    RCC_GetSYSCLKSource                      0x08000b35   Thumb Code    10  stm32f10x_rcc.o(.text)
    RCC_HCLKConfig                           0x08000b3f   Thumb Code    18  stm32f10x_rcc.o(.text)
    RCC_PCLK1Config                          0x08000b51   Thumb Code    18  stm32f10x_rcc.o(.text)
    RCC_PCLK2Config                          0x08000b63   Thumb Code    20  stm32f10x_rcc.o(.text)
    RCC_ITConfig                             0x08000b77   Thumb Code    26  stm32f10x_rcc.o(.text)
    RCC_USBCLKConfig                         0x08000b91   Thumb Code     8  stm32f10x_rcc.o(.text)
    RCC_ADCCLKConfig                         0x08000b99   Thumb Code    18  stm32f10x_rcc.o(.text)
    RCC_LSEConfig                            0x08000bab   Thumb Code    50  stm32f10x_rcc.o(.text)
    RCC_LSICmd                               0x08000bdd   Thumb Code     6  stm32f10x_rcc.o(.text)
    RCC_RTCCLKConfig                         0x08000be3   Thumb Code    12  stm32f10x_rcc.o(.text)
    RCC_RTCCLKCmd                            0x08000bef   Thumb Code     8  stm32f10x_rcc.o(.text)
    RCC_GetClocksFreq                        0x08000bf7   Thumb Code   192  stm32f10x_rcc.o(.text)
    RCC_AHBPeriphClockCmd                    0x08000cb7   Thumb Code    26  stm32f10x_rcc.o(.text)
    RCC_APB2PeriphClockCmd                   0x08000cd1   Thumb Code    26  stm32f10x_rcc.o(.text)
    RCC_APB1PeriphClockCmd                   0x08000ceb   Thumb Code    26  stm32f10x_rcc.o(.text)
    RCC_APB2PeriphResetCmd                   0x08000d05   Thumb Code    26  stm32f10x_rcc.o(.text)
    RCC_APB1PeriphResetCmd                   0x08000d1f   Thumb Code    26  stm32f10x_rcc.o(.text)
    RCC_BackupResetCmd                       0x08000d39   Thumb Code     8  stm32f10x_rcc.o(.text)
    RCC_ClockSecuritySystemCmd               0x08000d41   Thumb Code     6  stm32f10x_rcc.o(.text)
    RCC_MCOConfig                            0x08000d47   Thumb Code     6  stm32f10x_rcc.o(.text)
    RCC_ClearFlag                            0x08000d4d   Thumb Code    14  stm32f10x_rcc.o(.text)
    RCC_GetITStatus                          0x08000d5b   Thumb Code    20  stm32f10x_rcc.o(.text)
    RCC_ClearITPendingBit                    0x08000d6f   Thumb Code     6  stm32f10x_rcc.o(.text)
    USART_DeInit                             0x08000d99   Thumb Code   134  stm32f10x_usart.o(.text)
    USART_Init                               0x08000e1f   Thumb Code   210  stm32f10x_usart.o(.text)
    USART_StructInit                         0x08000ef1   Thumb Code    24  stm32f10x_usart.o(.text)
    USART_ClockInit                          0x08000f09   Thumb Code    34  stm32f10x_usart.o(.text)
    USART_ClockStructInit                    0x08000f2b   Thumb Code    12  stm32f10x_usart.o(.text)
    USART_Cmd                                0x08000f37   Thumb Code    24  stm32f10x_usart.o(.text)
    USART_ITConfig                           0x08000f4f   Thumb Code    74  stm32f10x_usart.o(.text)
    USART_DMACmd                             0x08000f99   Thumb Code    18  stm32f10x_usart.o(.text)
    USART_SetAddress                         0x08000fab   Thumb Code    18  stm32f10x_usart.o(.text)
    USART_WakeUpConfig                       0x08000fbd   Thumb Code    18  stm32f10x_usart.o(.text)
    USART_ReceiverWakeUpCmd                  0x08000fcf   Thumb Code    24  stm32f10x_usart.o(.text)
    USART_LINBreakDetectLengthConfig         0x08000fe7   Thumb Code    18  stm32f10x_usart.o(.text)
    USART_LINCmd                             0x08000ff9   Thumb Code    24  stm32f10x_usart.o(.text)
    USART_SendData                           0x08001011   Thumb Code     8  stm32f10x_usart.o(.text)
    USART_ReceiveData                        0x08001019   Thumb Code    10  stm32f10x_usart.o(.text)
    USART_SendBreak                          0x08001023   Thumb Code    10  stm32f10x_usart.o(.text)
    USART_SetGuardTime                       0x0800102d   Thumb Code    16  stm32f10x_usart.o(.text)
    USART_SetPrescaler                       0x0800103d   Thumb Code    16  stm32f10x_usart.o(.text)
    USART_SmartCardCmd                       0x0800104d   Thumb Code    24  stm32f10x_usart.o(.text)
    USART_SmartCardNACKCmd                   0x08001065   Thumb Code    24  stm32f10x_usart.o(.text)
    USART_HalfDuplexCmd                      0x0800107d   Thumb Code    24  stm32f10x_usart.o(.text)
    USART_OverSampling8Cmd                   0x08001095   Thumb Code    22  stm32f10x_usart.o(.text)
    USART_OneBitMethodCmd                    0x080010ab   Thumb Code    24  stm32f10x_usart.o(.text)
    USART_IrDAConfig                         0x080010c3   Thumb Code    18  stm32f10x_usart.o(.text)
    USART_IrDACmd                            0x080010d5   Thumb Code    24  stm32f10x_usart.o(.text)
    USART_GetFlagStatus                      0x080010ed   Thumb Code    26  stm32f10x_usart.o(.text)
    USART_ClearFlag                          0x08001107   Thumb Code    18  stm32f10x_usart.o(.text)
    USART_GetITStatus                        0x08001119   Thumb Code    84  stm32f10x_usart.o(.text)
    USART_ClearITPendingBit                  0x0800116d   Thumb Code    52  stm32f10x_usart.o(.text)
    TIM_DeInit                               0x080011a1   Thumb Code   424  stm32f10x_tim.o(.text)
    TIM_TimeBaseInit                         0x08001349   Thumb Code   122  stm32f10x_tim.o(.text)
    TIM_OC1Init                              0x080013c3   Thumb Code   132  stm32f10x_tim.o(.text)
    TIM_OC2Init                              0x08001447   Thumb Code   154  stm32f10x_tim.o(.text)
    TIM_OC3Init                              0x080014e1   Thumb Code   150  stm32f10x_tim.o(.text)
    TIM_OC4Init                              0x08001577   Thumb Code   182  stm32f10x_tim.o(.text)
    TIM_SetIC4Prescaler                      0x0800162d   Thumb Code    26  stm32f10x_tim.o(.text)
    TIM_SetIC3Prescaler                      0x080016c9   Thumb Code    18  stm32f10x_tim.o(.text)
    TIM_SetIC2Prescaler                      0x08001755   Thumb Code    26  stm32f10x_tim.o(.text)
    TIM_SetIC1Prescaler                      0x080017f1   Thumb Code    18  stm32f10x_tim.o(.text)
    TIM_ICInit                               0x0800186f   Thumb Code   150  stm32f10x_tim.o(.text)
    TIM_PWMIConfig                           0x08001905   Thumb Code   124  stm32f10x_tim.o(.text)
    TIM_BDTRConfig                           0x08001981   Thumb Code    32  stm32f10x_tim.o(.text)
    TIM_TimeBaseStructInit                   0x080019a1   Thumb Code    18  stm32f10x_tim.o(.text)
    TIM_OCStructInit                         0x080019b3   Thumb Code    20  stm32f10x_tim.o(.text)
    TIM_ICStructInit                         0x080019c7   Thumb Code    18  stm32f10x_tim.o(.text)
    TIM_BDTRStructInit                       0x080019d9   Thumb Code    40  stm32f10x_tim.o(.text)
    TIM_Cmd                                  0x08001a01   Thumb Code    24  stm32f10x_tim.o(.text)
    TIM_CtrlPWMOutputs                       0x08001a19   Thumb Code    30  stm32f10x_tim.o(.text)
    TIM_ITConfig                             0x08001a37   Thumb Code    18  stm32f10x_tim.o(.text)
    TIM_GenerateEvent                        0x08001a49   Thumb Code     4  stm32f10x_tim.o(.text)
    TIM_DMAConfig                            0x08001a4d   Thumb Code    10  stm32f10x_tim.o(.text)
    TIM_DMACmd                               0x08001a57   Thumb Code    18  stm32f10x_tim.o(.text)
    TIM_InternalClockConfig                  0x08001a69   Thumb Code    12  stm32f10x_tim.o(.text)
    TIM_SelectInputTrigger                   0x08001a75   Thumb Code    18  stm32f10x_tim.o(.text)
    TIM_ITRxExternalClockConfig              0x08001a87   Thumb Code    24  stm32f10x_tim.o(.text)
    TIM_TIxExternalClockConfig               0x08001a9f   Thumb Code    62  stm32f10x_tim.o(.text)
    TIM_ETRConfig                            0x08001add   Thumb Code    28  stm32f10x_tim.o(.text)
    TIM_ETRClockMode1Config                  0x08001af9   Thumb Code    54  stm32f10x_tim.o(.text)
    TIM_ETRClockMode2Config                  0x08001b2f   Thumb Code    32  stm32f10x_tim.o(.text)
    TIM_PrescalerConfig                      0x08001b4f   Thumb Code     6  stm32f10x_tim.o(.text)
    TIM_CounterModeConfig                    0x08001b55   Thumb Code    18  stm32f10x_tim.o(.text)
    TIM_EncoderInterfaceConfig               0x08001b67   Thumb Code    66  stm32f10x_tim.o(.text)
    TIM_ForcedOC1Config                      0x08001ba9   Thumb Code    18  stm32f10x_tim.o(.text)
    TIM_ForcedOC2Config                      0x08001bbb   Thumb Code    26  stm32f10x_tim.o(.text)
    TIM_ForcedOC3Config                      0x08001bd5   Thumb Code    18  stm32f10x_tim.o(.text)
    TIM_ForcedOC4Config                      0x08001be7   Thumb Code    26  stm32f10x_tim.o(.text)
    TIM_ARRPreloadConfig                     0x08001c01   Thumb Code    24  stm32f10x_tim.o(.text)
    TIM_SelectCOM                            0x08001c19   Thumb Code    24  stm32f10x_tim.o(.text)
    TIM_SelectCCDMA                          0x08001c31   Thumb Code    24  stm32f10x_tim.o(.text)
    TIM_CCPreloadControl                     0x08001c49   Thumb Code    24  stm32f10x_tim.o(.text)
    TIM_OC1PreloadConfig                     0x08001c61   Thumb Code    18  stm32f10x_tim.o(.text)
    TIM_OC2PreloadConfig                     0x08001c73   Thumb Code    26  stm32f10x_tim.o(.text)
    TIM_OC3PreloadConfig                     0x08001c8d   Thumb Code    18  stm32f10x_tim.o(.text)
    TIM_OC4PreloadConfig                     0x08001c9f   Thumb Code    26  stm32f10x_tim.o(.text)
    TIM_OC1FastConfig                        0x08001cb9   Thumb Code    18  stm32f10x_tim.o(.text)
    TIM_OC2FastConfig                        0x08001ccb   Thumb Code    26  stm32f10x_tim.o(.text)
    TIM_OC3FastConfig                        0x08001ce5   Thumb Code    18  stm32f10x_tim.o(.text)
    TIM_OC4FastConfig                        0x08001cf7   Thumb Code    26  stm32f10x_tim.o(.text)
    TIM_ClearOC1Ref                          0x08001d11   Thumb Code    18  stm32f10x_tim.o(.text)
    TIM_ClearOC2Ref                          0x08001d23   Thumb Code    24  stm32f10x_tim.o(.text)
    TIM_ClearOC3Ref                          0x08001d3b   Thumb Code    18  stm32f10x_tim.o(.text)
    TIM_ClearOC4Ref                          0x08001d4d   Thumb Code    24  stm32f10x_tim.o(.text)
    TIM_OC1PolarityConfig                    0x08001d65   Thumb Code    18  stm32f10x_tim.o(.text)
    TIM_OC1NPolarityConfig                   0x08001d77   Thumb Code    18  stm32f10x_tim.o(.text)
    TIM_OC2PolarityConfig                    0x08001d89   Thumb Code    26  stm32f10x_tim.o(.text)
    TIM_OC2NPolarityConfig                   0x08001da3   Thumb Code    26  stm32f10x_tim.o(.text)
    TIM_OC3PolarityConfig                    0x08001dbd   Thumb Code    26  stm32f10x_tim.o(.text)
    TIM_OC3NPolarityConfig                   0x08001dd7   Thumb Code    26  stm32f10x_tim.o(.text)
    TIM_OC4PolarityConfig                    0x08001df1   Thumb Code    26  stm32f10x_tim.o(.text)
    TIM_CCxCmd                               0x08001e0b   Thumb Code    30  stm32f10x_tim.o(.text)
    TIM_CCxNCmd                              0x08001e29   Thumb Code    30  stm32f10x_tim.o(.text)
    TIM_SelectOCxM                           0x08001e47   Thumb Code    82  stm32f10x_tim.o(.text)
    TIM_UpdateDisableConfig                  0x08001e99   Thumb Code    24  stm32f10x_tim.o(.text)
    TIM_UpdateRequestConfig                  0x08001eb1   Thumb Code    24  stm32f10x_tim.o(.text)
    TIM_SelectHallSensor                     0x08001ec9   Thumb Code    24  stm32f10x_tim.o(.text)
    TIM_SelectOnePulseMode                   0x08001ee1   Thumb Code    18  stm32f10x_tim.o(.text)
    TIM_SelectOutputTrigger                  0x08001ef3   Thumb Code    18  stm32f10x_tim.o(.text)
    TIM_SelectSlaveMode                      0x08001f05   Thumb Code    18  stm32f10x_tim.o(.text)
    TIM_SelectMasterSlaveMode                0x08001f17   Thumb Code    18  stm32f10x_tim.o(.text)
    TIM_SetCounter                           0x08001f29   Thumb Code     4  stm32f10x_tim.o(.text)
    TIM_SetAutoreload                        0x08001f2d   Thumb Code     4  stm32f10x_tim.o(.text)
    TIM_SetCompare1                          0x08001f31   Thumb Code     4  stm32f10x_tim.o(.text)
    TIM_SetCompare2                          0x08001f35   Thumb Code     4  stm32f10x_tim.o(.text)
    TIM_SetCompare3                          0x08001f39   Thumb Code     4  stm32f10x_tim.o(.text)
    TIM_SetCompare4                          0x08001f3d   Thumb Code     6  stm32f10x_tim.o(.text)
    TIM_SetClockDivision                     0x08001f43   Thumb Code    18  stm32f10x_tim.o(.text)
    TIM_GetCapture1                          0x08001f55   Thumb Code     6  stm32f10x_tim.o(.text)
    TIM_GetCapture2                          0x08001f5b   Thumb Code     6  stm32f10x_tim.o(.text)
    TIM_GetCapture3                          0x08001f61   Thumb Code     6  stm32f10x_tim.o(.text)
    TIM_GetCapture4                          0x08001f67   Thumb Code     8  stm32f10x_tim.o(.text)
    TIM_GetCounter                           0x08001f6f   Thumb Code     6  stm32f10x_tim.o(.text)
    TIM_GetPrescaler                         0x08001f75   Thumb Code     6  stm32f10x_tim.o(.text)
    TIM_GetFlagStatus                        0x08001f7b   Thumb Code    18  stm32f10x_tim.o(.text)
    TIM_ClearFlag                            0x08001f8d   Thumb Code     6  stm32f10x_tim.o(.text)
    TIM_GetITStatus                          0x08001f93   Thumb Code    34  stm32f10x_tim.o(.text)
    TIM_ClearITPendingBit                    0x08001fb5   Thumb Code     6  stm32f10x_tim.o(.text)
    EXTI_DeInit                              0x08001fbd   Thumb Code    28  stm32f10x_exti.o(.text)
    EXTI_Init                                0x08001fd9   Thumb Code   142  stm32f10x_exti.o(.text)
    EXTI_StructInit                          0x08002067   Thumb Code    16  stm32f10x_exti.o(.text)
    EXTI_GenerateSWInterrupt                 0x08002077   Thumb Code    16  stm32f10x_exti.o(.text)
    EXTI_GetFlagStatus                       0x08002087   Thumb Code    22  stm32f10x_exti.o(.text)
    EXTI_ClearFlag                           0x0800209d   Thumb Code     8  stm32f10x_exti.o(.text)
    EXTI_GetITStatus                         0x080020a5   Thumb Code    34  stm32f10x_exti.o(.text)
    EXTI_ClearITPendingBit                   0x080020c7   Thumb Code     8  stm32f10x_exti.o(.text)
    PWR_DeInit                               0x080020d9   Thumb Code    22  stm32f10x_pwr.o(.text)
    PWR_BackupAccessCmd                      0x080020ef   Thumb Code     6  stm32f10x_pwr.o(.text)
    PWR_PVDCmd                               0x080020f5   Thumb Code     6  stm32f10x_pwr.o(.text)
    PWR_PVDLevelConfig                       0x080020fb   Thumb Code    18  stm32f10x_pwr.o(.text)
    PWR_WakeUpPinCmd                         0x0800210d   Thumb Code     8  stm32f10x_pwr.o(.text)
    PWR_EnterSTOPMode                        0x08002115   Thumb Code    54  stm32f10x_pwr.o(.text)
    PWR_EnterSTANDBYMode                     0x0800214b   Thumb Code    42  stm32f10x_pwr.o(.text)
    PWR_GetFlagStatus                        0x08002175   Thumb Code    20  stm32f10x_pwr.o(.text)
    PWR_ClearFlag                            0x08002189   Thumb Code    14  stm32f10x_pwr.o(.text)
    BKP_DeInit                               0x080021a5   Thumb Code    16  stm32f10x_bkp.o(.text)
    BKP_TamperPinLevelConfig                 0x080021b5   Thumb Code     6  stm32f10x_bkp.o(.text)
    BKP_TamperPinCmd                         0x080021bb   Thumb Code     8  stm32f10x_bkp.o(.text)
    BKP_ITConfig                             0x080021c3   Thumb Code     8  stm32f10x_bkp.o(.text)
    BKP_RTCOutputConfig                      0x080021cb   Thumb Code    22  stm32f10x_bkp.o(.text)
    BKP_SetRTCCalibrationValue               0x080021e1   Thumb Code    22  stm32f10x_bkp.o(.text)
    BKP_WriteBackupRegister                  0x080021f7   Thumb Code    24  stm32f10x_bkp.o(.text)
    BKP_ReadBackupRegister                   0x0800220f   Thumb Code    26  stm32f10x_bkp.o(.text)
    BKP_GetFlagStatus                        0x08002229   Thumb Code    10  stm32f10x_bkp.o(.text)
    BKP_ClearFlag                            0x08002233   Thumb Code    18  stm32f10x_bkp.o(.text)
    BKP_GetITStatus                          0x08002245   Thumb Code    10  stm32f10x_bkp.o(.text)
    BKP_ClearITPendingBit                    0x0800224f   Thumb Code    18  stm32f10x_bkp.o(.text)
    SystemInit                               0x08002347   Thumb Code    78  system_stm32f10x.o(.text)
    SystemCoreClockUpdate                    0x08002395   Thumb Code   142  system_stm32f10x.o(.text)
    delay_init                               0x08002449   Thumb Code    50  delay.o(.text)
    delay_us                                 0x0800247b   Thumb Code    72  delay.o(.text)
    delay_ms                                 0x080024c3   Thumb Code    72  delay.o(.text)
    SysTick_Init                             0x0800251d   Thumb Code    92  systick.o(.text)
    Delay_ms                                 0x08002579   Thumb Code    20  systick.o(.text)
    TimingDelay_Decrement                    0x0800258d   Thumb Code    18  systick.o(.text)
    usart2_init                              0x080025b1   Thumb Code   154  usart2.o(.text)
    RS485_Send_Data                          0x0800264b   Thumb Code    56  usart2.o(.text)
    USART2SendByte                           0x08002683   Thumb Code    28  usart2.o(.text)
    usart2_SendStringByLen                   0x0800269f   Thumb Code    44  usart2.o(.text)
    usart2_SendString                        0x080026cb   Thumb Code    42  usart2.o(.text)
    usart2_receive                           0x080026f5   Thumb Code   116  usart2.o(.text)
    getResultTemp                            0x08002769   Thumb Code   332  usart2.o(.text)
    USART2_IRQHandler                        0x080028b5   Thumb Code    52  usart2.o(.text)
    usart3_init                              0x080029a9   Thumb Code   160  usart3.o(.text)
    usart3_Send_Data                         0x08002a49   Thumb Code    56  usart3.o(.text)
    USART3SendByte                           0x08002a81   Thumb Code    28  usart3.o(.text)
    usart3_SendStringByLen                   0x08002a9d   Thumb Code    44  usart3.o(.text)
    usart3_SendString                        0x08002ac9   Thumb Code    46  usart3.o(.text)
    usart3_receive                           0x08002af7   Thumb Code   116  usart3.o(.text)
    USART3_IRQHandler                        0x08002b6b   Thumb Code   114  usart3.o(.text)
    BackupModel                              0x08002bf9   Thumb Code    60  timer.o(.text)
    RestoreModel                             0x08002c35   Thumb Code    54  timer.o(.text)
    TIM2_Int_Init                            0x08002c6b   Thumb Code   112  timer.o(.text)
    TIM3_Int_Init                            0x08002cdb   Thumb Code    88  timer.o(.text)
    TIM2_IRQHandler                          0x08002d33   Thumb Code    40  timer.o(.text)
    TIM3_IRQHandler                          0x08002d5b   Thumb Code   446  timer.o(.text)
    GPIO_Config                              0x08002f7d   Thumb Code   200  gpio.o(.text)
    EXTI0_Config                             0x0800304d   Thumb Code    94  exti.o(.text)
    Enter_Standby_Mode                       0x080030ab   Thumb Code    12  exti.o(.text)
    GPIOConfig                               0x080030bd   Thumb Code    38  bh1750.o(.text)
    Delay_5us                                0x080030e3   Thumb Code    32  bh1750.o(.text)
    Delay_mms                                0x08003103   Thumb Code    32  bh1750.o(.text)
    BH1750_Start                             0x08003123   Thumb Code    44  bh1750.o(.text)
    BH1750_Stop                              0x0800314f   Thumb Code    36  bh1750.o(.text)
    BH1750_SendACK                           0x08003173   Thumb Code    86  bh1750.o(.text)
    BH1750_RecvACK                           0x080031c9   Thumb Code    96  bh1750.o(.text)
    BH1750_SendByte                          0x08003229   Thumb Code    74  bh1750.o(.text)
    BH1750_RecvByte                          0x08003273   Thumb Code   116  bh1750.o(.text)
    Single_Write_BH1750                      0x080032e7   Thumb Code    26  bh1750.o(.text)
    Init_BH1750                              0x08003301   Thumb Code    10  bh1750.o(.text)
    mread                                    0x0800330b   Thumb Code    62  bh1750.o(.text)
    GY30_ReadLight                           0x08003349   Thumb Code   138  bh1750.o(.text)
    OLED_I2C_Init                            0x08003401   Thumb Code    76  oled.o(.text)
    OLED_I2C_Start                           0x0800344d   Thumb Code    48  oled.o(.text)
    OLED_I2C_Stop                            0x0800347d   Thumb Code    36  oled.o(.text)
    OLED_I2C_SendByte                        0x080034a1   Thumb Code    80  oled.o(.text)
    OLED_WriteCommand                        0x080034f1   Thumb Code    32  oled.o(.text)
    OLED_WriteData                           0x08003511   Thumb Code    32  oled.o(.text)
    OLED_SetCursor                           0x08003531   Thumb Code    34  oled.o(.text)
    OLED_Clear                               0x08003553   Thumb Code    42  oled.o(.text)
    OLED_Clear_Part                          0x0800357d   Thumb Code    98  oled.o(.text)
    OLED_ShowChar                            0x080035df   Thumb Code   110  oled.o(.text)
    OLED_ShowString                          0x0800364d   Thumb Code    40  oled.o(.text)
    OLED_Pow                                 0x08003675   Thumb Code    20  oled.o(.text)
    OLED_ShowNum                             0x08003689   Thumb Code    68  oled.o(.text)
    OLED_ShowSignedNum                       0x080036cd   Thumb Code   102  oled.o(.text)
    OLED_ShowHexNum                          0x08003733   Thumb Code    84  oled.o(.text)
    OLED_ShowBinNum                          0x08003787   Thumb Code    62  oled.o(.text)
    OLED_ShowChinese1                        0x080037c5   Thumb Code   124  oled.o(.text)
    OLED_ShowChinese2                        0x08003841   Thumb Code   120  oled.o(.text)
    OLED_Init                                0x080038b9   Thumb Code   174  oled.o(.text)
    numlen                                   0x08003967   Thumb Code    54  oled.o(.text)
    clue                                     0x0800399d   Thumb Code    76  oled.o(.text)
    seting                                   0x080039e9   Thumb Code   748  oled.o(.text)
    Interface1                               0x08003cd5   Thumb Code   250  oled.o(.text)
    Interface2                               0x08003dcf   Thumb Code   998  oled.o(.text)
    Delay                                    0x080041b9   Thumb Code    18  key.o(.text)
    Key_GPIO_Config                          0x080041cb   Thumb Code    38  key.o(.text)
    Key_Scan                                 0x080041f1   Thumb Code    60  key.o(.text)
    checkSensorConnection                    0x08004231   Thumb Code   102  hcsr04.o(.text)
    HC_SR04_Init                             0x08004297   Thumb Code   368  hcsr04.o(.text)
    sonar_mm                                 0x08004407   Thumb Code   150  hcsr04.o(.text)
    sonar                                    0x0800449d   Thumb Code   168  hcsr04.o(.text)
    isObjectInRange                          0x08004545   Thumb Code   954  hcsr04.o(.text)
    __aeabi_uldivmod                         0x08004915   Thumb Code    98  uldiv.o(.text)
    __aeabi_memset                           0x08004977   Thumb Code    14  memseta.o(.text)
    __aeabi_memset4                          0x08004977   Thumb Code     0  memseta.o(.text)
    __aeabi_memset8                          0x08004977   Thumb Code     0  memseta.o(.text)
    __aeabi_memclr                           0x08004985   Thumb Code     4  memseta.o(.text)
    __aeabi_memclr4                          0x08004985   Thumb Code     0  memseta.o(.text)
    __aeabi_memclr8                          0x08004985   Thumb Code     0  memseta.o(.text)
    _memset$wrapper                          0x08004989   Thumb Code    18  memseta.o(.text)
    strstr                                   0x0800499b   Thumb Code    36  strstr.o(.text)
    __aeabi_fadd                             0x080049bf   Thumb Code   164  fadd.o(.text)
    __aeabi_fsub                             0x08004a63   Thumb Code     6  fadd.o(.text)
    __aeabi_frsub                            0x08004a69   Thumb Code     6  fadd.o(.text)
    __aeabi_ddiv                             0x08004a6f   Thumb Code   222  ddiv.o(.text)
    __aeabi_i2f                              0x08004b4d   Thumb Code    18  fflti.o(.text)
    __aeabi_ui2f                             0x08004b5f   Thumb Code    10  ffltui.o(.text)
    __aeabi_f2uiz                            0x08004b69   Thumb Code    40  ffixui.o(.text)
    __aeabi_f2ulz                            0x08004b91   Thumb Code    44  ffixul.o(.text)
    __aeabi_f2d                              0x08004bbd   Thumb Code    38  f2d.o(.text)
    __aeabi_d2f                              0x08004be3   Thumb Code    56  d2f.o(.text)
    __aeabi_cfcmpeq                          0x08004c1d   Thumb Code     0  cfcmple.o(.text)
    __aeabi_cfcmple                          0x08004c1d   Thumb Code    20  cfcmple.o(.text)
    __aeabi_uidiv                            0x08004c31   Thumb Code     0  uidiv.o(.text)
    __aeabi_uidivmod                         0x08004c31   Thumb Code    44  uidiv.o(.text)
    __aeabi_llsl                             0x08004c5d   Thumb Code    30  llshl.o(.text)
    _ll_shift_l                              0x08004c5d   Thumb Code     0  llshl.o(.text)
    __aeabi_llsr                             0x08004c7b   Thumb Code    32  llushr.o(.text)
    _ll_ushift_r                             0x08004c7b   Thumb Code     0  llushr.o(.text)
    __I$use$fp                               0x08004c9b   Thumb Code     0  iusefp.o(.text)
    _float_round                             0x08004c9b   Thumb Code    18  fepilogue.o(.text)
    _float_epilogue                          0x08004cad   Thumb Code    92  fepilogue.o(.text)
    _double_round                            0x08004d09   Thumb Code    30  depilogue.o(.text)
    _double_epilogue                         0x08004d27   Thumb Code   156  depilogue.o(.text)
    __aeabi_dadd                             0x08004dc3   Thumb Code   322  dadd.o(.text)
    __aeabi_dsub                             0x08004f05   Thumb Code     6  dadd.o(.text)
    __aeabi_drsub                            0x08004f0b   Thumb Code     6  dadd.o(.text)
    __aeabi_dmul                             0x08004f11   Thumb Code   228  dmul.o(.text)
    __aeabi_d2ulz                            0x08004ff5   Thumb Code    48  dfixul.o(.text)
    __aeabi_cdrcmple                         0x08005025   Thumb Code    48  cdrcmple.o(.text)
    __scatterload                            0x08005055   Thumb Code    28  init.o(.text)
    __scatterload_rt2                        0x08005055   Thumb Code     0  init.o(.text)
    __aeabi_lasr                             0x08005079   Thumb Code    36  llsshr.o(.text)
    _ll_sshift_r                             0x08005079   Thumb Code     0  llsshr.o(.text)
    __decompress                             0x0800509d   Thumb Code     0  __dclz77c.o(.text)
    __decompress2                            0x0800509d   Thumb Code    94  __dclz77c.o(.text)
    __0printf                                0x080050fd   Thumb Code    22  printfa.o(i.__0printf)
    __1printf                                0x080050fd   Thumb Code     0  printfa.o(i.__0printf)
    __2printf                                0x080050fd   Thumb Code     0  printfa.o(i.__0printf)
    __c89printf                              0x080050fd   Thumb Code     0  printfa.o(i.__0printf)
    printf                                   0x080050fd   Thumb Code     0  printfa.o(i.__0printf)
    __scatterload_copy                       0x0800511d   Thumb Code    14  handlers.o(i.__scatterload_copy)
    __scatterload_null                       0x0800512b   Thumb Code     2  handlers.o(i.__scatterload_null)
    __scatterload_zeroinit                   0x0800512d   Thumb Code    14  handlers.o(i.__scatterload_zeroinit)
    OLED_F8x16                               0x080059c6   Data        1520  oled.o(.constdata)
    Region$$Table$$Base                      0x08005fb8   Number         0  anon$$obj.o(Region$$Table)
    Region$$Table$$Limit                     0x08005fd8   Number         0  anon$$obj.o(Region$$Table)
    BUF                                      0x20000000   Data           8  main.o(.data)
    dis_data                                 0x20000008   Data           4  main.o(.data)
    mcy                                      0x2000000c   Data           4  main.o(.data)
    sensor_last_state                        0x20000010   Data           1  main.o(.data)
    IRQURA3                                  0x20000011   Data           1  main.o(.data)
    IRQURA2                                  0x20000012   Data           1  main.o(.data)
    timecount1                               0x20000013   Data           1  main.o(.data)
    timecount2                               0x20000014   Data           1  main.o(.data)
    timecount3                               0x20000015   Data           1  main.o(.data)
    timecount4                               0x20000016   Data           1  main.o(.data)
    timeFlag1                                0x20000017   Data           1  main.o(.data)
    classify                                 0x20000018   Data           1  main.o(.data)
    classFlag                                0x20000019   Data           1  main.o(.data)
    model                                    0x2000001a   Data           1  main.o(.data)
    temp                                     0x2000001c   Data           4  main.o(.data)
    USART_RX_STA                             0x20000020   Data           2  usart1.o(.data)
    SystemCoreClock                          0x20000038   Data           4  system_stm32f10x.o(.data)
    AHBPrescTable                            0x2000003c   Data          16  system_stm32f10x.o(.data)
    uart2flag                                0x20000054   Data           1  usart2.o(.data)
    uart3flag                                0x2000005a   Data           1  usart3.o(.data)
    SG90_PWM1                                0x2000005c   Data           1  timer.o(.data)
    SG90_PWM2                                0x2000005d   Data           1  timer.o(.data)
    SG90_PWM3                                0x2000005e   Data           1  timer.o(.data)
    SG90_PWM4                                0x2000005f   Data           1  timer.o(.data)
    SG90Flag                                 0x20000060   Data           1  timer.o(.data)
    Maxtime                                  0x20000064   Data           4  timer.o(.data)
    tempFlag                                 0x2000006c   Data           4  bh1750.o(.data)
    Hzk1                                     0x20000070   Data         192  oled.o(.data)
    Hzk2                                     0x20000130   Data         984  oled.o(.data)
    time                                     0x20000508   Data           8  hcsr04.o(.data)
    time_end                                 0x20000510   Data           8  hcsr04.o(.data)
    sensorConnected                          0x20000518   Data           4  hcsr04.o(.data)
    __stdout                                 0x2000051c   Data           4  stdout.o(.data)
    USART2_RX_BUF                            0x20000520   Data         100  main.o(.bss)
    USART3_RX_BUF                            0x20000584   Data         100  main.o(.bss)
    USART_RX_BUF                             0x200005e8   Data         200  usart1.o(.bss)
    __initial_sp                             0x200008b0   Data           0  startup_stm32f10x_hd.o(STACK)



==============================================================================

Memory Map of the image

  Image Entry point : 0x0800014b

  Load Region LR_1 (Base: 0x08000000, Size: 0x000064f8, Max: 0xffffffff, ABSOLUTE, COMPRESSED[0x000063cc])

    Execution Region ER_RO (Exec base: 0x08000000, Load base: 0x08000000, Size: 0x00005fd8, Max: 0xffffffff, ABSOLUTE)

    Exec Addr    Load Addr    Size         Type   Attr      Idx    E Section Name        Object

    0x08000000   0x08000000   0x00000130   Data   RO            3    RESET               startup_stm32f10x_hd.o
    0x08000130   0x08000130   0x00000000   Code   RO          637  * .ARM.Collect$$$$00000000  mc_w.l(entry.o)
    0x08000130   0x08000130   0x00000004   Code   RO          925    .ARM.Collect$$$$00000001  mc_w.l(entry2.o)
    0x08000134   0x08000134   0x00000004   Code   RO          928    .ARM.Collect$$$$00000004  mc_w.l(entry5.o)
    0x08000138   0x08000138   0x00000000   Code   RO          930    .ARM.Collect$$$$00000008  mc_w.l(entry7b.o)
    0x08000138   0x08000138   0x00000000   Code   RO          932    .ARM.Collect$$$$0000000A  mc_w.l(entry8b.o)
    0x08000138   0x08000138   0x00000008   Code   RO          933    .ARM.Collect$$$$0000000B  mc_w.l(entry9a.o)
    0x08000140   0x08000140   0x00000004   Code   RO          940    .ARM.Collect$$$$0000000E  mc_w.l(entry12b.o)
    0x08000144   0x08000144   0x00000000   Code   RO          935    .ARM.Collect$$$$0000000F  mc_w.l(entry10a.o)
    0x08000144   0x08000144   0x00000000   Code   RO          937    .ARM.Collect$$$$00000011  mc_w.l(entry11a.o)
    0x08000144   0x08000144   0x00000004   Code   RO          926    .ARM.Collect$$$$00002712  mc_w.l(entry2.o)
    0x08000148   0x08000148   0x00000030   Code   RO            4  * .text               startup_stm32f10x_hd.o
    0x08000178   0x08000178   0x00000248   Code   RO           10    .text               main.o
    0x080003c0   0x080003c0   0x00000032   Code   RO          144    .text               stm32f10x_it.o
    0x080003f2   0x080003f2   0x00000002   PAD
    0x080003f4   0x080003f4   0x000001c8   Code   RO          170    .text               usart1.o
    0x080005bc   0x080005bc   0x000000dc   Code   RO          196    .text               misc.o
    0x08000698   0x08000698   0x0000035c   Code   RO          220    .text               stm32f10x_gpio.o
    0x080009f4   0x080009f4   0x000003a4   Code   RO          232    .text               stm32f10x_rcc.o
    0x08000d98   0x08000d98   0x00000408   Code   RO          246    .text               stm32f10x_usart.o
    0x080011a0   0x080011a0   0x00000e1a   Code   RO          288    .text               stm32f10x_tim.o
    0x08001fba   0x08001fba   0x00000002   PAD
    0x08001fbc   0x08001fbc   0x0000011c   Code   RO          300    .text               stm32f10x_exti.o
    0x080020d8   0x080020d8   0x000000cc   Code   RO          312    .text               stm32f10x_pwr.o
    0x080021a4   0x080021a4   0x000000c4   Code   RO          336    .text               stm32f10x_bkp.o
    0x08002268   0x08002268   0x000001e0   Code   RO          358    .text               system_stm32f10x.o
    0x08002448   0x08002448   0x000000d4   Code   RO          392    .text               delay.o
    0x0800251c   0x0800251c   0x00000094   Code   RO          406    .text               systick.o
    0x080025b0   0x080025b0   0x000003f8   Code   RO          424    .text               usart2.o
    0x080029a8   0x080029a8   0x00000250   Code   RO          463    .text               usart3.o
    0x08002bf8   0x08002bf8   0x00000384   Code   RO          482    .text               timer.o
    0x08002f7c   0x08002f7c   0x000000d0   Code   RO          501    .text               gpio.o
    0x0800304c   0x0800304c   0x00000070   Code   RO          520    .text               exti.o
    0x080030bc   0x080030bc   0x00000344   Code   RO          540    .text               bh1750.o
    0x08003400   0x08003400   0x00000db8   Code   RO          563    .text               oled.o
    0x080041b8   0x080041b8   0x00000078   Code   RO          590    .text               key.o
    0x08004230   0x08004230   0x000006e4   Code   RO          609    .text               hcsr04.o
    0x08004914   0x08004914   0x00000062   Code   RO          640    .text               mc_w.l(uldiv.o)
    0x08004976   0x08004976   0x00000024   Code   RO          642    .text               mc_w.l(memseta.o)
    0x0800499a   0x0800499a   0x00000024   Code   RO          644    .text               mc_w.l(strstr.o)
    0x080049be   0x080049be   0x000000b0   Code   RO          907    .text               mf_w.l(fadd.o)
    0x08004a6e   0x08004a6e   0x000000de   Code   RO          909    .text               mf_w.l(ddiv.o)
    0x08004b4c   0x08004b4c   0x00000012   Code   RO          911    .text               mf_w.l(fflti.o)
    0x08004b5e   0x08004b5e   0x0000000a   Code   RO          913    .text               mf_w.l(ffltui.o)
    0x08004b68   0x08004b68   0x00000028   Code   RO          915    .text               mf_w.l(ffixui.o)
    0x08004b90   0x08004b90   0x0000002c   Code   RO          917    .text               mf_w.l(ffixul.o)
    0x08004bbc   0x08004bbc   0x00000026   Code   RO          919    .text               mf_w.l(f2d.o)
    0x08004be2   0x08004be2   0x00000038   Code   RO          921    .text               mf_w.l(d2f.o)
    0x08004c1a   0x08004c1a   0x00000002   PAD
    0x08004c1c   0x08004c1c   0x00000014   Code   RO          923    .text               mf_w.l(cfcmple.o)
    0x08004c30   0x08004c30   0x0000002c   Code   RO          942    .text               mc_w.l(uidiv.o)
    0x08004c5c   0x08004c5c   0x0000001e   Code   RO          944    .text               mc_w.l(llshl.o)
    0x08004c7a   0x08004c7a   0x00000020   Code   RO          946    .text               mc_w.l(llushr.o)
    0x08004c9a   0x08004c9a   0x00000000   Code   RO          948    .text               mc_w.l(iusefp.o)
    0x08004c9a   0x08004c9a   0x0000006e   Code   RO          949    .text               mf_w.l(fepilogue.o)
    0x08004d08   0x08004d08   0x000000ba   Code   RO          951    .text               mf_w.l(depilogue.o)
    0x08004dc2   0x08004dc2   0x0000014e   Code   RO          953    .text               mf_w.l(dadd.o)
    0x08004f10   0x08004f10   0x000000e4   Code   RO          955    .text               mf_w.l(dmul.o)
    0x08004ff4   0x08004ff4   0x00000030   Code   RO          957    .text               mf_w.l(dfixul.o)
    0x08005024   0x08005024   0x00000030   Code   RO          959    .text               mf_w.l(cdrcmple.o)
    0x08005054   0x08005054   0x00000024   Code   RO          961    .text               mc_w.l(init.o)
    0x08005078   0x08005078   0x00000024   Code   RO          963    .text               mc_w.l(llsshr.o)
    0x0800509c   0x0800509c   0x0000005e   Code   RO          973    .text               mc_w.l(__dclz77c.o)
    0x080050fa   0x080050fa   0x00000002   PAD
    0x080050fc   0x080050fc   0x00000020   Code   RO          879    i.__0printf         mc_w.l(printfa.o)
    0x0800511c   0x0800511c   0x0000000e   Code   RO          967    i.__scatterload_copy  mc_w.l(handlers.o)
    0x0800512a   0x0800512a   0x00000002   Code   RO          968    i.__scatterload_null  mc_w.l(handlers.o)
    0x0800512c   0x0800512c   0x0000000e   Code   RO          969    i.__scatterload_zeroinit  mc_w.l(handlers.o)
    0x0800513a   0x0800513a   0x00000002   PAD
    0x0800513c   0x0800513c   0x00000184   Code   RO          886    i._fp_digits        mc_w.l(printfa.o)
    0x080052c0   0x080052c0   0x000006b4   Code   RO          887    i._printf_core      mc_w.l(printfa.o)
    0x08005974   0x08005974   0x00000024   Code   RO          888    i._printf_post_padding  mc_w.l(printfa.o)
    0x08005998   0x08005998   0x0000002e   Code   RO          889    i._printf_pre_padding  mc_w.l(printfa.o)
    0x080059c6   0x080059c6   0x000005f0   Data   RO          564    .constdata          oled.o
    0x08005fb6   0x08005fb6   0x00000002   PAD
    0x08005fb8   0x08005fb8   0x00000020   Data   RO          965    Region$$Table       anon$$obj.o


    Execution Region ER_RW (Exec base: 0x20000000, Load base: 0x08005fd8, Size: 0x00000520, Max: 0xffffffff, ABSOLUTE, COMPRESSED[0x000003f4])

    Exec Addr    Load Addr    Size         Type   Attr      Idx    E Section Name        Object

    0x20000000   COMPRESSED   0x00000020   Data   RW           12    .data               main.o
    0x20000020   COMPRESSED   0x00000002   Data   RW          172    .data               usart1.o
    0x20000022   COMPRESSED   0x00000014   Data   RW          233    .data               stm32f10x_rcc.o
    0x20000036   COMPRESSED   0x00000002   PAD
    0x20000038   COMPRESSED   0x00000014   Data   RW          359    .data               system_stm32f10x.o
    0x2000004c   COMPRESSED   0x00000004   Data   RW          393    .data               delay.o
    0x20000050   COMPRESSED   0x00000004   Data   RW          407    .data               systick.o
    0x20000054   COMPRESSED   0x00000006   Data   RW          425    .data               usart2.o
    0x2000005a   COMPRESSED   0x00000002   Data   RW          464    .data               usart3.o
    0x2000005c   COMPRESSED   0x00000010   Data   RW          483    .data               timer.o
    0x2000006c   COMPRESSED   0x00000004   Data   RW          541    .data               bh1750.o
    0x20000070   COMPRESSED   0x00000498   Data   RW          565    .data               oled.o
    0x20000508   COMPRESSED   0x00000014   Data   RW          610    .data               hcsr04.o
    0x2000051c   COMPRESSED   0x00000004   Data   RW          941    .data               mc_w.l(stdout.o)


    Execution Region ER_ZI (Exec base: 0x20000520, Load base: 0x080063cc, Size: 0x00000390, Max: 0xffffffff, ABSOLUTE)

    Exec Addr    Load Addr    Size         Type   Attr      Idx    E Section Name        Object

    0x20000520        -       0x000000c8   Zero   RW           11    .bss                main.o
    0x200005e8        -       0x000000c8   Zero   RW          171    .bss                usart1.o
    0x200006b0        -       0x00000200   Zero   RW            1    STACK               startup_stm32f10x_hd.o


==============================================================================

Image component sizes


      Code (inc. data)   RO Data    RW Data    ZI Data      Debug   Object Name

       836         46          0          4          0       3172   bh1750.o
       212         18          0          4          0       1159   delay.o
       112          6          0          0          0        782   exti.o
       208          8          0          0          0        646   gpio.o
      1764        122          0         20          0       3368   hcsr04.o
       120          4          0          0          0       1465   key.o
       584        144          0         32        200     256126   main.o
       220         22          0          0          0       1865   misc.o
      3512        114       1520       1176          0       8435   oled.o
        48         12        304          0        512        932   startup_stm32f10x_hd.o
       196          8          0          0          0       3568   stm32f10x_bkp.o
       284         10          0          0          0       2323   stm32f10x_exti.o
       860         38          0          0          0       5801   stm32f10x_gpio.o
        50          0          0          0          0       1467   stm32f10x_it.o
       204         14          0          0          0       1991   stm32f10x_pwr.o
       932         36          0         20          0       9028   stm32f10x_rcc.o
      3610         88          0          0          0      22908   stm32f10x_tim.o
      1032         22          0          0          0       8524   stm32f10x_usart.o
       480         38          0         20          0       1967   system_stm32f10x.o
       148         18          0          4          0      16833   systick.o
       900        100          0         16          0       2318   timer.o
       456         16          0          2        200       4533   usart1.o
      1016        192          0          6          0       3513   usart2.o
       592         28          0          2          0       3108   usart3.o

    ----------------------------------------------------------------------
     18380       1104       1858       1308        912     365832   Object Totals
         0          0         32          0          0          0   (incl. Generated)
         4          0          2          2          0          0   (incl. Padding)

    ----------------------------------------------------------------------

      Code (inc. data)   RO Data    RW Data    ZI Data      Debug   Library Member Name

        94          0          0          0          0          0   __dclz77c.o
         0          0          0          0          0          0   entry.o
         0          0          0          0          0          0   entry10a.o
         0          0          0          0          0          0   entry11a.o
         4          0          0          0          0          0   entry12b.o
         8          4          0          0          0          0   entry2.o
         4          0          0          0          0          0   entry5.o
         0          0          0          0          0          0   entry7b.o
         0          0          0          0          0          0   entry8b.o
         8          4          0          0          0          0   entry9a.o
        30          0          0          0          0          0   handlers.o
        36          8          0          0          0         68   init.o
         0          0          0          0          0          0   iusefp.o
        30          0          0          0          0         68   llshl.o
        36          0          0          0          0         68   llsshr.o
        32          0          0          0          0         68   llushr.o
        36          0          0          0          0        108   memseta.o
      2218         90          0          0          0        464   printfa.o
         0          0          0          4          0          0   stdout.o
        36          0          0          0          0         80   strstr.o
        44          0          0          0          0         80   uidiv.o
        98          0          0          0          0         92   uldiv.o
        48          0          0          0          0         68   cdrcmple.o
        20          0          0          0          0         68   cfcmple.o
        56          0          0          0          0         88   d2f.o
       334          0          0          0          0        148   dadd.o
       222          0          0          0          0        100   ddiv.o
       186          0          0          0          0        176   depilogue.o
        48          0          0          0          0         68   dfixul.o
       228          0          0          0          0         96   dmul.o
        38          0          0          0          0         68   f2d.o
       176          0          0          0          0        140   fadd.o
       110          0          0          0          0        168   fepilogue.o
        40          0          0          0          0         68   ffixui.o
        44          0          0          0          0         68   ffixul.o
        18          0          0          0          0         68   fflti.o
        10          0          0          0          0         68   ffltui.o

    ----------------------------------------------------------------------
      4298        106          0          4          0       2556   Library Totals
         6          0          0          0          0          0   (incl. Padding)

    ----------------------------------------------------------------------

      Code (inc. data)   RO Data    RW Data    ZI Data      Debug   Library Name

      2714        106          0          4          0       1096   mc_w.l
      1578          0          0          0          0       1460   mf_w.l

    ----------------------------------------------------------------------
      4298        106          0          4          0       2556   Library Totals

    ----------------------------------------------------------------------

==============================================================================


      Code (inc. data)   RO Data    RW Data    ZI Data      Debug   

     22678       1210       1858       1312        912     365292   Grand Totals
     22678       1210       1858       1012        912     365292   ELF Image Totals (compressed)
     22678       1210       1858       1012          0          0   ROM Totals

==============================================================================

    Total RO  Size (Code + RO Data)                24536 (  23.96kB)
    Total RW  Size (RW Data + ZI Data)              2224 (   2.17kB)
    Total ROM Size (Code + RO Data + RW Data)      25548 (  24.95kB)

==============================================================================

