<html>
<body>
<pre>
<h1>µVision Build Log</h1>
<h2>Tool Versions:</h2>
IDE-Version: ¦ÌVision V5.32.0.0
Copyright (C) 2020 ARM Ltd and ARM Germany GmbH. All rights reserved.
License Information: 1 1, 1, LIC=EXJT4-F1SQM-SBJEJ-UKPV7-3TT55-293TQ
 
Tool Versions:
Toolchain:       MDK-ARM Plus  Version: 5.32.0.0
Toolchain Path:  E:\Keil_v5\ARM\ARMCC\Bin
C Compiler:      Armcc.exe V5.06 update 7 (build 960)
Assembler:       Armasm.exe V5.06 update 7 (build 960)
Linker/Locator:  ArmLink.exe V5.06 update 7 (build 960)
Library Manager: ArmAr.exe V5.06 update 7 (build 960)
Hex Converter:   FromElf.exe V5.06 update 7 (build 960)
CPU DLL:         SARMCM3.DLL V5.32.0.0
Dialog DLL:      DARMSTM.DLL V1.68.0.0
Target DLL:      STLink\ST-LINKIII-KEIL_SWO.dll V3.0.8.0
Dialog DLL:      TARMSTM.DLL V1.66.0.0
 
<h2>Project:</h2>
C:\Users\86176\Desktop\ÐÂ½¨ÎÄ¼þ¼Ð (2)\K210Í¼Ïñ´¦ÀíÀ¬»øÊ¶±ðSTM32Éè¼Æ\stm32code£¨keil5Èí¼þ´ò¿ª£©\USER\STM32-DEMO.uvprojx
Project File Date:  05/10/2024

<h2>Output:</h2>
*** Using Compiler 'V5.06 update 7 (build 960)', folder: 'E:\Keil_v5\ARM\ARMCC\Bin'
Rebuild target 'USART1-DEMO'
assembling startup_stm32f10x_hd.s...
compiling stm32f10x_adc.c...
compiling usart1.c...
compiling stm32f10x_rcc.c...
compiling stm32f10x_gpio.c...
compiling stm32f10x_it.c...
compiling main.c...
compiling misc.c...
compiling stm32f10x_exti.c...
compiling stm32f10x_flash.c...
compiling stm32f10x_pwr.c...
compiling stm32f10x_i2c.c...
compiling stm32f10x_spi.c...
compiling stm32f10x_tim.c...
compiling stm32f10x_usart.c...
compiling delay.c...
compiling SysTick.c...
compiling usart2.c...
compiling system_stm32f10x.c...
compiling stm32f10x_bkp.c...
compiling core_cm3.c...
compiling exti.c...
compiling timer.c...
compiling sys.c...
compiling usart3.c...
compiling gpio.c...
compiling led.c...
compiling key.c...
compiling OLED.c...
compiling HCSR04.c...
..\HARDWARE\hcsr04\HCSR04.c(72): warning:  #870-D: invalid multibyte character sequence
  	if(sensorConnected[0]) printf("Hc-sr04å·²è¿žæŽ?01\n");
..\HARDWARE\hcsr04\HCSR04.c(74): warning:  #870-D: invalid multibyte character sequence
  	if(sensorConnected[1]) printf("Hc-sr04å·²è¿žæŽ?02\n");
..\HARDWARE\hcsr04\HCSR04.c(76): warning:  #870-D: invalid multibyte character sequence
  	if(sensorConnected[2]) printf("Hc-sr04å·²è¿žæŽ?03\n");
..\HARDWARE\hcsr04\HCSR04.c(78): warning:  #870-D: invalid multibyte character sequence
  	if(sensorConnected[3]) printf("Hc-sr04å·²è¿žæŽ?04\n");
..\HARDWARE\hcsr04\HCSR04.c(80): warning:  #188-D: enumerated type mixed with another type
  	GPIO_WriteBit(Trig1_GPIO_PORT,Trig1,0);						//è¾“å‡ºä½Žç”µå¹?
..\HARDWARE\hcsr04\HCSR04.c(81): warning:  #188-D: enumerated type mixed with another type
  	GPIO_WriteBit(Trig1_GPIO_PORT,Trig2,0);
..\HARDWARE\hcsr04\HCSR04.c(82): warning:  #188-D: enumerated type mixed with another type
  	GPIO_WriteBit(Trig1_GPIO_PORT,Trig3,0);
..\HARDWARE\hcsr04\HCSR04.c(83): warning:  #188-D: enumerated type mixed with another type
  	GPIO_WriteBit(Trig1_GPIO_PORT,Trig4,0);
..\HARDWARE\hcsr04\HCSR04.c(90): warning:  #188-D: enumerated type mixed with another type
  	GPIO_WriteBit(GPIOB,Trig1,1);						//è¾“å‡ºé«˜ç”µå¹?
..\HARDWARE\hcsr04\HCSR04.c(92): warning:  #188-D: enumerated type mixed with another type
  	GPIO_WriteBit(GPIOB,Trig1,0);						//è¾“å‡ºä½Žç”µå¹?
..\HARDWARE\hcsr04\HCSR04.c(109): warning:  #188-D: enumerated type mixed with another type
  	GPIO_WriteBit(GPIOB,Trig1,1);					//è¾“å‡ºé«˜ç”µå¹?
..\HARDWARE\hcsr04\HCSR04.c(111): warning:  #188-D: enumerated type mixed with another type
  	GPIO_WriteBit(GPIOB,Trig1,0);					//è¾“å‡ºä½Žç”µå¹?
..\HARDWARE\hcsr04\HCSR04.c(154): warning:  #188-D: enumerated type mixed with another type
  		GPIO_WriteBit(Trig1_GPIO_PORT,Trig1,1);						//è¾“å‡ºé«˜ç”µå¹?
..\HARDWARE\hcsr04\HCSR04.c(156): warning:  #188-D: enumerated type mixed with another type
  		GPIO_WriteBit(Trig1_GPIO_PORT,Trig1,0);	//è¾“å‡ºä½Žç”µå¹?
..\HARDWARE\hcsr04\HCSR04.c(177): warning:  #188-D: enumerated type mixed with another type
  		GPIO_WriteBit(Trig2_GPIO_PORT,Trig2,1);
..\HARDWARE\hcsr04\HCSR04.c(179): warning:  #188-D: enumerated type mixed with another type
  		GPIO_WriteBit(Trig2_GPIO_PORT,Trig2,0);
..\HARDWARE\hcsr04\HCSR04.c(200): warning:  #188-D: enumerated type mixed with another type
  		GPIO_WriteBit(Trig3_GPIO_PORT,Trig3,1);
..\HARDWARE\hcsr04\HCSR04.c(202): warning:  #188-D: enumerated type mixed with another type
  		GPIO_WriteBit(Trig3_GPIO_PORT,Trig3,0);
..\HARDWARE\hcsr04\HCSR04.c(222): warning:  #188-D: enumerated type mixed with another type
  		GPIO_WriteBit(Trig4_GPIO_PORT,Trig4,1);
..\HARDWARE\hcsr04\HCSR04.c(224): warning:  #188-D: enumerated type mixed with another type
  		GPIO_WriteBit(Trig4_GPIO_PORT,Trig4,0);
..\HARDWARE\hcsr04\HCSR04.c: 20 warnings, 0 errors
compiling bh1750.c...
..\HARDWARE\bh1750\bh1750.c(234): warning:  #1-D: last line of file ends without a newline
  }
..\HARDWARE\bh1750\bh1750.c: 1 warning, 0 errors
linking...
Program Size: Code=22678 RO-data=1858 RW-data=1312 ZI-data=912  
FromELF: creating hex file...
"..\Output\STM32-DEMO.axf" - 0 Error(s), 21 Warning(s).

<h2>Software Packages used:</h2>

Package Vendor: ARM
                http://www.keil.com/pack/ARM.CMSIS.5.9.0.pack
                ARM.CMSIS.5.9.0
                CMSIS (Common Microcontroller Software Interface Standard)
   * Component: CORE Version: 5.6.0

Package Vendor: Keil
                http://www.keil.com/pack/Keil.STM32F1xx_DFP.2.3.0.pack
                Keil.STM32F1xx_DFP.2.3.0
                STMicroelectronics STM32F1 Series Device Support, Drivers and Examples

<h2>Collection of Component include folders:</h2>
  .\RTE\_USART1-DEMO
  E:\Users\86176\AppData\Local\Arm\Packs\ARM\CMSIS\5.9.0\CMSIS\Core\Include
  E:\Users\86176\AppData\Local\Arm\Packs\Keil\STM32F1xx_DFP\2.3.0\Device\Include

<h2>Collection of Component Files used:</h2>

   * Component: ARM::CMSIS:CORE:5.6.0
Build Time Elapsed:  00:00:07
</pre>
</body>
</html>
